npm warn Unknown env config "devdir". This will stop working in the next major version of npm.

> watchbox@0.1.0 test:e2e
> playwright test


Running 66 tests using 1 worker
(node:10030) Warning: The 'NO_COLOR' env is ignored due to the 'FORCE_COLOR' env being set.
(Use `node --trace-warnings ...` to show where the warning was created)
(node:10030) Warning: The 'NO_COLOR' env is ignored due to the 'FORCE_COLOR' env being set.
(Use `node --trace-warnings ...` to show where the warning was created)
···························×(node:10074) Warning: The 'NO_COLOR' env is ignored due to the 'FORCE_COLOR' env being set.
(Use `node --trace-warnings ...` to show where the warning was created)
(node:10074) Warning: The 'NO_COLOR' env is ignored due to the 'FORCE_COLOR' env being set.
(Use `node --trace-warnings ...` to show where the warning was created)
F(node:10097) Warning: The 'NO_COLOR' env is ignored due to the 'FORCE_COLOR' env being set.
(Use `node --trace-warnings ...` to show where the warning was created)
(node:10097) Warning: The 'NO_COLOR' env is ignored due to the 'FORCE_COLOR' env being set.
(Use `node --trace-warnings ...` to show where the warning was created)
×(node:10116) Warning: The 'NO_COLOR' env is ignored due to the 'FORCE_COLOR' env being set.
(Use `node --trace-warnings ...` to show where the warning was created)
(node:10116) Warning: The 'NO_COLOR' env is ignored due to the 'FORCE_COLOR' env being set.
(Use `node --trace-warnings ...` to show where the warning was created)
F(node:10136) Warning: The 'NO_COLOR' env is ignored due to the 'FORCE_COLOR' env being set.
(Use `node --trace-warnings ...` to show where the warning was created)
(node:10136) Warning: The 'NO_COLOR' env is ignored due to the 'FORCE_COLOR' env being set.
(Use `node --trace-warnings ...` to show where the warning was created)
×(node:10159) Warning: The 'NO_COLOR' env is ignored due to the 'FORCE_COLOR' env being set.
(Use `node --trace-warnings ...` to show where the warning was created)
(node:10159) Warning: The 'NO_COLOR' env is ignored due to the 'FORCE_COLOR' env being set.
(Use `node --trace-warnings ...` to show where the warning was created)
F(node:10186) Warning: The 'NO_COLOR' env is ignored due to the 'FORCE_COLOR' env being set.
(Use `node --trace-warnings ...` to show where the warning was created)
(node:10186) Warning: The 'NO_COLOR' env is ignored due to the 'FORCE_COLOR' env being set.
(Use `node --trace-warnings ...` to show where the warning was created)
×(node:10205) Warning: The 'NO_COLOR' env is ignored due to the 'FORCE_COLOR' env being set.
(Use `node --trace-warnings ...` to show where the warning was created)
(node:10205) Warning: The 'NO_COLOR' env is ignored due to the 'FORCE_COLOR' env being set.
(Use `node --trace-warnings ...` to show where the warning was created)
F(node:10228) Warning: The 'NO_COLOR' env is ignored due to the 'FORCE_COLOR' env being set.
(Use `node --trace-warnings ...` to show where the warning was created)
(node:10228) Warning: The 'NO_COLOR' env is ignored due to the 'FORCE_COLOR' env being set.
(Use `node --trace-warnings ...` to show where the warning was created)
×(node:10247) Warning: The 'NO_COLOR' env is ignored due to the 'FORCE_COLOR' env being set.
(Use `node --trace-warnings ...` to show where the warning was created)
(node:10247) Warning: The 'NO_COLOR' env is ignored due to the 'FORCE_COLOR' env being set.
(Use `node --trace-warnings ...` to show where the warning was created)
F(node:10266) Warning: The 'NO_COLOR' env is ignored due to the 'FORCE_COLOR' env being set.
(Use `node --trace-warnings ...` to show where the warning was created)
(node:10266) Warning: The 'NO_COLOR' env is ignored due to the 'FORCE_COLOR' env being set.
(Use `node --trace-warnings ...` to show where the warning was created)
×(node:10281) Warning: The 'NO_COLOR' env is ignored due to the 'FORCE_COLOR' env being set.
(Use `node --trace-warnings ...` to show where the warning was created)
(node:10281) Warning: The 'NO_COLOR' env is ignored due to the 'FORCE_COLOR' env being set.
(Use `node --trace-warnings ...` to show where the warning was created)
F(node:10308) Warning: The 'NO_COLOR' env is ignored due to the 'FORCE_COLOR' env being set.
(Use `node --trace-warnings ...` to show where the warning was created)
(node:10308) Warning: The 'NO_COLOR' env is ignored due to the 'FORCE_COLOR' env being set.
(Use `node --trace-warnings ...` to show where the warning was created)
×(node:10319) Warning: The 'NO_COLOR' env is ignored due to the 'FORCE_COLOR' env being set.
(Use `node --trace-warnings ...` to show where the warning was created)
(node:10319) Warning: The 'NO_COLOR' env is ignored due to the 'FORCE_COLOR' env being set.
(Use `node --trace-warnings ...` to show where the warning was created)
F(node:10342) Warning: The 'NO_COLOR' env is ignored due to the 'FORCE_COLOR' env being set.
(Use `node --trace-warnings ...` to show where the warning was created)
(node:10342) Warning: The 'NO_COLOR' env is ignored due to the 'FORCE_COLOR' env being set.
(Use `node --trace-warnings ...` to show where the warning was created)
×(node:10369) Warning: The 'NO_COLOR' env is ignored due to the 'FORCE_COLOR' env being set.
(Use `node --trace-warnings ...` to show where the warning was created)
(node:10369) Warning: The 'NO_COLOR' env is ignored due to the 'FORCE_COLOR' env being set.
(Use `node --trace-warnings ...` to show where the warning was created)
F(node:10388) Warning: The 'NO_COLOR' env is ignored due to the 'FORCE_COLOR' env being set.
(Use `node --trace-warnings ...` to show where the warning was created)
(node:10388) Warning: The 'NO_COLOR' env is ignored due to the 'FORCE_COLOR' env being set.
(Use `node --trace-warnings ...` to show where the warning was created)
×(node:10411) Warning: The 'NO_COLOR' env is ignored due to the 'FORCE_COLOR' env being set.
(Use `node --trace-warnings ...` to show where the warning was created)
(node:10411) Warning: The 'NO_COLOR' env is ignored due to the 'FORCE_COLOR' env being set.
(Use `node --trace-warnings ...` to show where the warning was created)
F(node:10430) Warning: The 'NO_COLOR' env is ignored due to the 'FORCE_COLOR' env being set.
(Use `node --trace-warnings ...` to show where the warning was created)
(node:10430) Warning: The 'NO_COLOR' env is ignored due to the 'FORCE_COLOR' env being set.
(Use `node --trace-warnings ...` to show where the warning was created)
×(node:10450) Warning: The 'NO_COLOR' env is ignored due to the 'FORCE_COLOR' env being set.
(Use `node --trace-warnings ...` to show where the warning was created)
(node:10450) Warning: The 'NO_COLOR' env is ignored due to the 'FORCE_COLOR' env being set.
(Use `node --trace-warnings ...` to show where the warning was created)
F(node:10471) Warning: The 'NO_COLOR' env is ignored due to the 'FORCE_COLOR' env being set.
(Use `node --trace-warnings ...` to show where the warning was created)
(node:10471) Warning: The 'NO_COLOR' env is ignored due to the 'FORCE_COLOR' env being set.
(Use `node --trace-warnings ...` to show where the warning was created)
×(node:10492) Warning: The 'NO_COLOR' env is ignored due to the 'FORCE_COLOR' env being set.
(Use `node --trace-warnings ...` to show where the warning was created)
(node:10492) Warning: The 'NO_COLOR' env is ignored due to the 'FORCE_COLOR' env being set.
(Use `node --trace-warnings ...` to show where the warning was created)
F(node:10512) Warning: The 'NO_COLOR' env is ignored due to the 'FORCE_COLOR' env being set.
(Use `node --trace-warnings ...` to show where the warning was created)
(node:10512) Warning: The 'NO_COLOR' env is ignored due to the 'FORCE_COLOR' env being set.
(Use `node --trace-warnings ...` to show where the warning was created)
×(node:10531) Warning: The 'NO_COLOR' env is ignored due to the 'FORCE_COLOR' env being set.
(Use `node --trace-warnings ...` to show where the warning was created)
(node:10531) Warning: The 'NO_COLOR' env is ignored due to the 'FORCE_COLOR' env being set.
(Use `node --trace-warnings ...` to show where the warning was created)
F(node:10561) Warning: The 'NO_COLOR' env is ignored due to the 'FORCE_COLOR' env being set.
(Use `node --trace-warnings ...` to show where the warning was created)
(node:10561) Warning: The 'NO_COLOR' env is ignored due to the 'FORCE_COLOR' env being set.
(Use `node --trace-warnings ...` to show where the warning was created)
×(node:10581) Warning: The 'NO_COLOR' env is ignored due to the 'FORCE_COLOR' env being set.
(Use `node --trace-warnings ...` to show where the warning was created)
(node:10581) Warning: The 'NO_COLOR' env is ignored due to the 'FORCE_COLOR' env being set.
(Use `node --trace-warnings ...` to show where the warning was created)
F(node:10600) Warning: The 'NO_COLOR' env is ignored due to the 'FORCE_COLOR' env being set.
(Use `node --trace-warnings ...` to show where the warning was created)
(node:10600) Warning: The 'NO_COLOR' env is ignored due to the 'FORCE_COLOR' env being set.
(Use `node --trace-warnings ...` to show where the warning was created)
×(node:10630) Warning: The 'NO_COLOR' env is ignored due to the 'FORCE_COLOR' env being set.
(Use `node --trace-warnings ...` to show where the warning was created)
(node:10630) Warning: The 'NO_COLOR' env is ignored due to the 'FORCE_COLOR' env being set.
(Use `node --trace-warnings ...` to show where the warning was created)
F(node:10651) Warning: The 'NO_COLOR' env is ignored due to the 'FORCE_COLOR' env being set.
(Use `node --trace-warnings ...` to show where the warning was created)
(node:10651) Warning: The 'NO_COLOR' env is ignored due to the 'FORCE_COLOR' env being set.
(Use `node --trace-warnings ...` to show where the warning was created)
×(node:10673) Warning: The 'NO_COLOR' env is ignored due to the 'FORCE_COLOR' env being set.
(Use `node --trace-warnings ...` to show where the warning was created)
(node:10673) Warning: The 'NO_COLOR' env is ignored due to the 'FORCE_COLOR' env being set.
(Use `node --trace-warnings ...` to show where the warning was created)
F(node:10704) Warning: The 'NO_COLOR' env is ignored due to the 'FORCE_COLOR' env being set.
(Use `node --trace-warnings ...` to show where the warning was created)
(node:10704) Warning: The 'NO_COLOR' env is ignored due to the 'FORCE_COLOR' env being set.
(Use `node --trace-warnings ...` to show where the warning was created)
×(node:10723) Warning: The 'NO_COLOR' env is ignored due to the 'FORCE_COLOR' env being set.
(Use `node --trace-warnings ...` to show where the warning was created)
(node:10723) Warning: The 'NO_COLOR' env is ignored due to the 'FORCE_COLOR' env being set.
(Use `node --trace-warnings ...` to show where the warning was created)
F(node:10749) Warning: The 'NO_COLOR' env is ignored due to the 'FORCE_COLOR' env being set.
(Use `node --trace-warnings ...` to show where the warning was created)
(node:10749) Warning: The 'NO_COLOR' env is ignored due to the 'FORCE_COLOR' env being set.
(Use `node --trace-warnings ...` to show where the warning was created)
×(node:10776) Warning: The 'NO_COLOR' env is ignored due to the 'FORCE_COLOR' env being set.
(Use `node --trace-warnings ...` to show where the warning was created)
(node:10776) Warning: The 'NO_COLOR' env is ignored due to the 'FORCE_COLOR' env being set.
(Use `node --trace-warnings ...` to show where the warning was created)
F(node:10795) Warning: The 'NO_COLOR' env is ignored due to the 'FORCE_COLOR' env being set.
(Use `node --trace-warnings ...` to show where the warning was created)
(node:10795) Warning: The 'NO_COLOR' env is ignored due to the 'FORCE_COLOR' env being set.
(Use `node --trace-warnings ...` to show where the warning was created)
×(node:10818) Warning: The 'NO_COLOR' env is ignored due to the 'FORCE_COLOR' env being set.
(Use `node --trace-warnings ...` to show where the warning was created)
(node:10818) Warning: The 'NO_COLOR' env is ignored due to the 'FORCE_COLOR' env being set.
(Use `node --trace-warnings ...` to show where the warning was created)
F(node:10837) Warning: The 'NO_COLOR' env is ignored due to the 'FORCE_COLOR' env being set.
(Use `node --trace-warnings ...` to show where the warning was created)
(node:10837) Warning: The 'NO_COLOR' env is ignored due to the 'FORCE_COLOR' env being set.
(Use `node --trace-warnings ...` to show where the warning was created)
×(node:10856) Warning: The 'NO_COLOR' env is ignored due to the 'FORCE_COLOR' env being set.
(Use `node --trace-warnings ...` to show where the warning was created)
(node:10856) Warning: The 'NO_COLOR' env is ignored due to the 'FORCE_COLOR' env being set.
(Use `node --trace-warnings ...` to show where the warning was created)
F(node:10875) Warning: The 'NO_COLOR' env is ignored due to the 'FORCE_COLOR' env being set.
(Use `node --trace-warnings ...` to show where the warning was created)
(node:10875) Warning: The 'NO_COLOR' env is ignored due to the 'FORCE_COLOR' env being set.
(Use `node --trace-warnings ...` to show where the warning was created)
×(node:10898) Warning: The 'NO_COLOR' env is ignored due to the 'FORCE_COLOR' env being set.
(Use `node --trace-warnings ...` to show where the warning was created)
(node:10898) Warning: The 'NO_COLOR' env is ignored due to the 'FORCE_COLOR' env being set.
(Use `node --trace-warnings ...` to show where the warning was created)
F(node:10911) Warning: The 'NO_COLOR' env is ignored due to the 'FORCE_COLOR' env being set.
(Use `node --trace-warnings ...` to show where the warning was created)
(node:10911) Warning: The 'NO_COLOR' env is ignored due to the 'FORCE_COLOR' env being set.
(Use `node --trace-warnings ...` to show where the warning was created)
×(node:10930) Warning: The 'NO_COLOR' env is ignored due to the 'FORCE_COLOR' env being set.
(Use `node --trace-warnings ...` to show where the warning was created)
(node:10930) Warning: The 'NO_COLOR' env is ignored due to the 'FORCE_COLOR' env being set.
(Use `node --trace-warnings ...` to show where the warning was created)
F(node:10953) Warning: The 'NO_COLOR' env is ignored due to the 'FORCE_COLOR' env being set.
(Use `node --trace-warnings ...` to show where the warning was created)
(node:10953) Warning: The 'NO_COLOR' env is ignored due to the 'FORCE_COLOR' env being set.
(Use `node --trace-warnings ...` to show where the warning was created)
×(node:10980) Warning: The 'NO_COLOR' env is ignored due to the 'FORCE_COLOR' env being set.
(Use `node --trace-warnings ...` to show where the warning was created)
(node:10980) Warning: The 'NO_COLOR' env is ignored due to the 'FORCE_COLOR' env being set.
(Use `node --trace-warnings ...` to show where the warning was created)
F(node:10999) Warning: The 'NO_COLOR' env is ignored due to the 'FORCE_COLOR' env being set.
(Use `node --trace-warnings ...` to show where the warning was created)
(node:10999) Warning: The 'NO_COLOR' env is ignored due to the 'FORCE_COLOR' env being set.
(Use `node --trace-warnings ...` to show where the warning was created)
×(node:11024) Warning: The 'NO_COLOR' env is ignored due to the 'FORCE_COLOR' env being set.
(Use `node --trace-warnings ...` to show where the warning was created)
(node:11024) Warning: The 'NO_COLOR' env is ignored due to the 'FORCE_COLOR' env being set.
(Use `node --trace-warnings ...` to show where the warning was created)
F(node:11052) Warning: The 'NO_COLOR' env is ignored due to the 'FORCE_COLOR' env being set.
(Use `node --trace-warnings ...` to show where the warning was created)
(node:11052) Warning: The 'NO_COLOR' env is ignored due to the 'FORCE_COLOR' env being set.
(Use `node --trace-warnings ...` to show where the warning was created)
×(node:11073) Warning: The 'NO_COLOR' env is ignored due to the 'FORCE_COLOR' env being set.
(Use `node --trace-warnings ...` to show where the warning was created)
(node:11073) Warning: The 'NO_COLOR' env is ignored due to the 'FORCE_COLOR' env being set.
(Use `node --trace-warnings ...` to show where the warning was created)
F(node:11096) Warning: The 'NO_COLOR' env is ignored due to the 'FORCE_COLOR' env being set.
(Use `node --trace-warnings ...` to show where the warning was created)
(node:11096) Warning: The 'NO_COLOR' env is ignored due to the 'FORCE_COLOR' env being set.
(Use `node --trace-warnings ...` to show where the warning was created)
×(node:11116) Warning: The 'NO_COLOR' env is ignored due to the 'FORCE_COLOR' env being set.
(Use `node --trace-warnings ...` to show where the warning was created)
(node:11116) Warning: The 'NO_COLOR' env is ignored due to the 'FORCE_COLOR' env being set.
(Use `node --trace-warnings ...` to show where the warning was created)
F(node:11159) Warning: The 'NO_COLOR' env is ignored due to the 'FORCE_COLOR' env being set.
(Use `node --trace-warnings ...` to show where the warning was created)
(node:11159) Warning: The 'NO_COLOR' env is ignored due to the 'FORCE_COLOR' env being set.
(Use `node --trace-warnings ...` to show where the warning was created)
×(node:11187) Warning: The 'NO_COLOR' env is ignored due to the 'FORCE_COLOR' env being set.
(Use `node --trace-warnings ...` to show where the warning was created)
(node:11187) Warning: The 'NO_COLOR' env is ignored due to the 'FORCE_COLOR' env being set.
(Use `node --trace-warnings ...` to show where the warning was created)
F(node:11213) Warning: The 'NO_COLOR' env is ignored due to the 'FORCE_COLOR' env being set.
(Use `node --trace-warnings ...` to show where the warning was created)
(node:11213) Warning: The 'NO_COLOR' env is ignored due to the 'FORCE_COLOR' env being set.
(Use `node --trace-warnings ...` to show where the warning was created)
×(node:11248) Warning: The 'NO_COLOR' env is ignored due to the 'FORCE_COLOR' env being set.
(Use `node --trace-warnings ...` to show where the warning was created)
(node:11248) Warning: The 'NO_COLOR' env is ignored due to the 'FORCE_COLOR' env being set.
(Use `node --trace-warnings ...` to show where the warning was created)

F(node:11268) Warning: The 'NO_COLOR' env is ignored due to the 'FORCE_COLOR' env being set.
(Use `node --trace-warnings ...` to show where the warning was created)
(node:11268) Warning: The 'NO_COLOR' env is ignored due to the 'FORCE_COLOR' env being set.
(Use `node --trace-warnings ...` to show where the warning was created)
×(node:11300) Warning: The 'NO_COLOR' env is ignored due to the 'FORCE_COLOR' env being set.
(Use `node --trace-warnings ...` to show where the warning was created)
(node:11300) Warning: The 'NO_COLOR' env is ignored due to the 'FORCE_COLOR' env being set.
(Use `node --trace-warnings ...` to show where the warning was created)
F(node:11320) Warning: The 'NO_COLOR' env is ignored due to the 'FORCE_COLOR' env being set.
(Use `node --trace-warnings ...` to show where the warning was created)
(node:11320) Warning: The 'NO_COLOR' env is ignored due to the 'FORCE_COLOR' env being set.
(Use `node --trace-warnings ...` to show where the warning was created)
×(node:11339) Warning: The 'NO_COLOR' env is ignored due to the 'FORCE_COLOR' env being set.
(Use `node --trace-warnings ...` to show where the warning was created)
(node:11339) Warning: The 'NO_COLOR' env is ignored due to the 'FORCE_COLOR' env being set.
(Use `node --trace-warnings ...` to show where the warning was created)
F(node:11367) Warning: The 'NO_COLOR' env is ignored due to the 'FORCE_COLOR' env being set.
(Use `node --trace-warnings ...` to show where the warning was created)
(node:11367) Warning: The 'NO_COLOR' env is ignored due to the 'FORCE_COLOR' env being set.
(Use `node --trace-warnings ...` to show where the warning was created)
×(node:11394) Warning: The 'NO_COLOR' env is ignored due to the 'FORCE_COLOR' env being set.
(Use `node --trace-warnings ...` to show where the warning was created)
(node:11394) Warning: The 'NO_COLOR' env is ignored due to the 'FORCE_COLOR' env being set.
(Use `node --trace-warnings ...` to show where the warning was created)
F(node:11421) Warning: The 'NO_COLOR' env is ignored due to the 'FORCE_COLOR' env being set.
(Use `node --trace-warnings ...` to show where the warning was created)
(node:11421) Warning: The 'NO_COLOR' env is ignored due to the 'FORCE_COLOR' env being set.
(Use `node --trace-warnings ...` to show where the warning was created)
×(node:11436) Warning: The 'NO_COLOR' env is ignored due to the 'FORCE_COLOR' env being set.
(Use `node --trace-warnings ...` to show where the warning was created)
(node:11436) Warning: The 'NO_COLOR' env is ignored due to the 'FORCE_COLOR' env being set.
(Use `node --trace-warnings ...` to show where the warning was created)
F(node:11455) Warning: The 'NO_COLOR' env is ignored due to the 'FORCE_COLOR' env being set.
(Use `node --trace-warnings ...` to show where the warning was created)
(node:11455) Warning: The 'NO_COLOR' env is ignored due to the 'FORCE_COLOR' env being set.
(Use `node --trace-warnings ...` to show where the warning was created)
×(node:11474) Warning: The 'NO_COLOR' env is ignored due to the 'FORCE_COLOR' env being set.
(Use `node --trace-warnings ...` to show where the warning was created)
(node:11474) Warning: The 'NO_COLOR' env is ignored due to the 'FORCE_COLOR' env being set.
(Use `node --trace-warnings ...` to show where the warning was created)
F(node:11493) Warning: The 'NO_COLOR' env is ignored due to the 'FORCE_COLOR' env being set.
(Use `node --trace-warnings ...` to show where the warning was created)
(node:11493) Warning: The 'NO_COLOR' env is ignored due to the 'FORCE_COLOR' env being set.
(Use `node --trace-warnings ...` to show where the warning was created)
×(node:11516) Warning: The 'NO_COLOR' env is ignored due to the 'FORCE_COLOR' env being set.
(Use `node --trace-warnings ...` to show where the warning was created)
(node:11516) Warning: The 'NO_COLOR' env is ignored due to the 'FORCE_COLOR' env being set.
(Use `node --trace-warnings ...` to show where the warning was created)
F(node:11529) Warning: The 'NO_COLOR' env is ignored due to the 'FORCE_COLOR' env being set.
(Use `node --trace-warnings ...` to show where the warning was created)
(node:11529) Warning: The 'NO_COLOR' env is ignored due to the 'FORCE_COLOR' env being set.
(Use `node --trace-warnings ...` to show where the warning was created)
×(node:11549) Warning: The 'NO_COLOR' env is ignored due to the 'FORCE_COLOR' env being set.
(Use `node --trace-warnings ...` to show where the warning was created)
(node:11549) Warning: The 'NO_COLOR' env is ignored due to the 'FORCE_COLOR' env being set.
(Use `node --trace-warnings ...` to show where the warning was created)
F(node:11580) Warning: The 'NO_COLOR' env is ignored due to the 'FORCE_COLOR' env being set.
(Use `node --trace-warnings ...` to show where the warning was created)
(node:11580) Warning: The 'NO_COLOR' env is ignored due to the 'FORCE_COLOR' env being set.
(Use `node --trace-warnings ...` to show where the warning was created)
×(node:11600) Warning: The 'NO_COLOR' env is ignored due to the 'FORCE_COLOR' env being set.
(Use `node --trace-warnings ...` to show where the warning was created)
(node:11600) Warning: The 'NO_COLOR' env is ignored due to the 'FORCE_COLOR' env being set.
(Use `node --trace-warnings ...` to show where the warning was created)
F(node:11621) Warning: The 'NO_COLOR' env is ignored due to the 'FORCE_COLOR' env being set.
(Use `node --trace-warnings ...` to show where the warning was created)
(node:11621) Warning: The 'NO_COLOR' env is ignored due to the 'FORCE_COLOR' env being set.
(Use `node --trace-warnings ...` to show where the warning was created)
×(node:11644) Warning: The 'NO_COLOR' env is ignored due to the 'FORCE_COLOR' env being set.
(Use `node --trace-warnings ...` to show where the warning was created)
(node:11644) Warning: The 'NO_COLOR' env is ignored due to the 'FORCE_COLOR' env being set.
(Use `node --trace-warnings ...` to show where the warning was created)
F(node:11663) Warning: The 'NO_COLOR' env is ignored due to the 'FORCE_COLOR' env being set.
(Use `node --trace-warnings ...` to show where the warning was created)
(node:11663) Warning: The 'NO_COLOR' env is ignored due to the 'FORCE_COLOR' env being set.
(Use `node --trace-warnings ...` to show where the warning was created)
×(node:11674) Warning: The 'NO_COLOR' env is ignored due to the 'FORCE_COLOR' env being set.
(Use `node --trace-warnings ...` to show where the warning was created)
(node:11674) Warning: The 'NO_COLOR' env is ignored due to the 'FORCE_COLOR' env being set.
(Use `node --trace-warnings ...` to show where the warning was created)
F(node:11695) Warning: The 'NO_COLOR' env is ignored due to the 'FORCE_COLOR' env being set.
(Use `node --trace-warnings ...` to show where the warning was created)
(node:11695) Warning: The 'NO_COLOR' env is ignored due to the 'FORCE_COLOR' env being set.
(Use `node --trace-warnings ...` to show where the warning was created)
×(node:11720) Warning: The 'NO_COLOR' env is ignored due to the 'FORCE_COLOR' env being set.
(Use `node --trace-warnings ...` to show where the warning was created)
(node:11720) Warning: The 'NO_COLOR' env is ignored due to the 'FORCE_COLOR' env being set.
(Use `node --trace-warnings ...` to show where the warning was created)
F(node:11741) Warning: The 'NO_COLOR' env is ignored due to the 'FORCE_COLOR' env being set.
(Use `node --trace-warnings ...` to show where the warning was created)
(node:11741) Warning: The 'NO_COLOR' env is ignored due to the 'FORCE_COLOR' env being set.
(Use `node --trace-warnings ...` to show where the warning was created)
·

  1) [chromium] › e2e/discover.spec.ts:56:7 › Discover: browse tab › Browse tab is active on load and shows category buttons 

    Error: browserType.launch: Executable doesn't exist at /Users/carter/media-tracker/.pw-browsers/chromium_headless_shell-1208/chrome-headless-shell-mac-x64/chrome-headless-shell
    ╔═════════════════════════════════════════════════════════════════════════╗
    ║ Looks like Playwright Test or Playwright was just installed or updated. ║
    ║ Please run the following command to download new browsers:              ║
    ║                                                                         ║
    ║     npx playwright install                                              ║
    ║                                                                         ║
    ║ <3 Playwright Team                                                      ║
    ╚═════════════════════════════════════════════════════════════════════════╝

    Retry #1 ───────────────────────────────────────────────────────────────────────────────────────

    Error: browserType.launch: Executable doesn't exist at /Users/carter/media-tracker/.pw-browsers/chromium_headless_shell-1208/chrome-headless-shell-mac-x64/chrome-headless-shell
    ╔═════════════════════════════════════════════════════════════════════════╗
    ║ Looks like Playwright Test or Playwright was just installed or updated. ║
    ║ Please run the following command to download new browsers:              ║
    ║                                                                         ║
    ║     npx playwright install                                              ║
    ║                                                                         ║
    ║ <3 Playwright Team                                                      ║
    ╚═════════════════════════════════════════════════════════════════════════╝

    attachment #1: trace (application/zip) ─────────────────────────────────────────────────────────
    test-results/discover-Discover-browse-t-d1d81--and-shows-category-buttons-chromium-retry1/trace.zip
    Usage:

        npx playwright show-trace test-results/discover-Discover-browse-t-d1d81--and-shows-category-buttons-chromium-retry1/trace.zip

    ────────────────────────────────────────────────────────────────────────────────────────────────

  2) [chromium] › e2e/discover.spec.ts:62:7 › Discover: browse tab › Popular category loads movie/TV cards (TMDB required) 

    Error: browserType.launch: Executable doesn't exist at /Users/carter/media-tracker/.pw-browsers/chromium_headless_shell-1208/chrome-headless-shell-mac-x64/chrome-headless-shell
    ╔═════════════════════════════════════════════════════════════════════════╗
    ║ Looks like Playwright Test or Playwright was just installed or updated. ║
    ║ Please run the following command to download new browsers:              ║
    ║                                                                         ║
    ║     npx playwright install                                              ║
    ║                                                                         ║
    ║ <3 Playwright Team                                                      ║
    ╚═════════════════════════════════════════════════════════════════════════╝

    Retry #1 ───────────────────────────────────────────────────────────────────────────────────────

    Error: browserType.launch: Executable doesn't exist at /Users/carter/media-tracker/.pw-browsers/chromium_headless_shell-1208/chrome-headless-shell-mac-x64/chrome-headless-shell
    ╔═════════════════════════════════════════════════════════════════════════╗
    ║ Looks like Playwright Test or Playwright was just installed or updated. ║
    ║ Please run the following command to download new browsers:              ║
    ║                                                                         ║
    ║     npx playwright install                                              ║
    ║                                                                         ║
    ║ <3 Playwright Team                                                      ║
    ╚═════════════════════════════════════════════════════════════════════════╝

    attachment #1: trace (application/zip) ─────────────────────────────────────────────────────────
    test-results/discover-Discover-browse-t-82fdb-vie-TV-cards-TMDB-required--chromium-retry1/trace.zip
    Usage:

        npx playwright show-trace test-results/discover-Discover-browse-t-82fdb-vie-TV-cards-TMDB-required--chromium-retry1/trace.zip

    ────────────────────────────────────────────────────────────────────────────────────────────────

  3) [chromium] › e2e/discover.spec.ts:69:7 › Discover: browse tab › Switching to Trending category loads content (TMDB required) 

    Error: browserType.launch: Executable doesn't exist at /Users/carter/media-tracker/.pw-browsers/chromium_headless_shell-1208/chrome-headless-shell-mac-x64/chrome-headless-shell
    ╔═════════════════════════════════════════════════════════════════════════╗
    ║ Looks like Playwright Test or Playwright was just installed or updated. ║
    ║ Please run the following command to download new browsers:              ║
    ║                                                                         ║
    ║     npx playwright install                                              ║
    ║                                                                         ║
    ║ <3 Playwright Team                                                      ║
    ╚═════════════════════════════════════════════════════════════════════════╝

    Retry #1 ───────────────────────────────────────────────────────────────────────────────────────

    Error: browserType.launch: Executable doesn't exist at /Users/carter/media-tracker/.pw-browsers/chromium_headless_shell-1208/chrome-headless-shell-mac-x64/chrome-headless-shell
    ╔═════════════════════════════════════════════════════════════════════════╗
    ║ Looks like Playwright Test or Playwright was just installed or updated. ║
    ║ Please run the following command to download new browsers:              ║
    ║                                                                         ║
    ║     npx playwright install                                              ║
    ║                                                                         ║
    ║ <3 Playwright Team                                                      ║
    ╚═════════════════════════════════════════════════════════════════════════╝

    attachment #1: trace (application/zip) ─────────────────────────────────────────────────────────
    test-results/discover-Discover-browse-t-8ec08-oads-content-TMDB-required--chromium-retry1/trace.zip
    Usage:

        npx playwright show-trace test-results/discover-Discover-browse-t-8ec08-oads-content-TMDB-required--chromium-retry1/trace.zip

    ────────────────────────────────────────────────────────────────────────────────────────────────

  4) [chromium] › e2e/discover.spec.ts:79:7 › Discover: browse tab › Switching to Top Rated category loads content (TMDB required) 

    Error: browserType.launch: Executable doesn't exist at /Users/carter/media-tracker/.pw-browsers/chromium_headless_shell-1208/chrome-headless-shell-mac-x64/chrome-headless-shell
    ╔═════════════════════════════════════════════════════════════════════════╗
    ║ Looks like Playwright Test or Playwright was just installed or updated. ║
    ║ Please run the following command to download new browsers:              ║
    ║                                                                         ║
    ║     npx playwright install                                              ║
    ║                                                                         ║
    ║ <3 Playwright Team                                                      ║
    ╚═════════════════════════════════════════════════════════════════════════╝

    Retry #1 ───────────────────────────────────────────────────────────────────────────────────────

    Error: browserType.launch: Executable doesn't exist at /Users/carter/media-tracker/.pw-browsers/chromium_headless_shell-1208/chrome-headless-shell-mac-x64/chrome-headless-shell
    ╔═════════════════════════════════════════════════════════════════════════╗
    ║ Looks like Playwright Test or Playwright was just installed or updated. ║
    ║ Please run the following command to download new browsers:              ║
    ║                                                                         ║
    ║     npx playwright install                                              ║
    ║                                                                         ║
    ║ <3 Playwright Team                                                      ║
    ╚═════════════════════════════════════════════════════════════════════════╝

    attachment #1: trace (application/zip) ─────────────────────────────────────────────────────────
    test-results/discover-Discover-browse-t-01b97-oads-content-TMDB-required--chromium-retry1/trace.zip
    Usage:

        npx playwright show-trace test-results/discover-Discover-browse-t-01b97-oads-content-TMDB-required--chromium-retry1/trace.zip

    ────────────────────────────────────────────────────────────────────────────────────────────────

  5) [chromium] › e2e/discover.spec.ts:99:7 › Discover: search tab › Clicking Search tab shows the search input 

    Error: browserType.launch: Executable doesn't exist at /Users/carter/media-tracker/.pw-browsers/chromium_headless_shell-1208/chrome-headless-shell-mac-x64/chrome-headless-shell
    ╔═════════════════════════════════════════════════════════════════════════╗
    ║ Looks like Playwright Test or Playwright was just installed or updated. ║
    ║ Please run the following command to download new browsers:              ║
    ║                                                                         ║
    ║     npx playwright install                                              ║
    ║                                                                         ║
    ║ <3 Playwright Team                                                      ║
    ╚═════════════════════════════════════════════════════════════════════════╝

    Retry #1 ───────────────────────────────────────────────────────────────────────────────────────

    Error: browserType.launch: Executable doesn't exist at /Users/carter/media-tracker/.pw-browsers/chromium_headless_shell-1208/chrome-headless-shell-mac-x64/chrome-headless-shell
    ╔═════════════════════════════════════════════════════════════════════════╗
    ║ Looks like Playwright Test or Playwright was just installed or updated. ║
    ║ Please run the following command to download new browsers:              ║
    ║                                                                         ║
    ║     npx playwright install                                              ║
    ║                                                                         ║
    ║ <3 Playwright Team                                                      ║
    ╚═════════════════════════════════════════════════════════════════════════╝

    attachment #1: trace (application/zip) ─────────────────────────────────────────────────────────
    test-results/discover-Discover-search-t-81904--tab-shows-the-search-input-chromium-retry1/trace.zip
    Usage:

        npx playwright show-trace test-results/discover-Discover-search-t-81904--tab-shows-the-search-input-chromium-retry1/trace.zip

    ────────────────────────────────────────────────────────────────────────────────────────────────

  6) [chromium] › e2e/discover.spec.ts:104:7 › Discover: search tab › Search mode tabs: Movies & TV | Actor | IMDb are visible 

    Error: browserType.launch: Executable doesn't exist at /Users/carter/media-tracker/.pw-browsers/chromium_headless_shell-1208/chrome-headless-shell-mac-x64/chrome-headless-shell
    ╔═════════════════════════════════════════════════════════════════════════╗
    ║ Looks like Playwright Test or Playwright was just installed or updated. ║
    ║ Please run the following command to download new browsers:              ║
    ║                                                                         ║
    ║     npx playwright install                                              ║
    ║                                                                         ║
    ║ <3 Playwright Team                                                      ║
    ╚═════════════════════════════════════════════════════════════════════════╝

    Retry #1 ───────────────────────────────────────────────────────────────────────────────────────

    Error: browserType.launch: Executable doesn't exist at /Users/carter/media-tracker/.pw-browsers/chromium_headless_shell-1208/chrome-headless-shell-mac-x64/chrome-headless-shell
    ╔═════════════════════════════════════════════════════════════════════════╗
    ║ Looks like Playwright Test or Playwright was just installed or updated. ║
    ║ Please run the following command to download new browsers:              ║
    ║                                                                         ║
    ║     npx playwright install                                              ║
    ║                                                                         ║
    ║ <3 Playwright Team                                                      ║
    ╚═════════════════════════════════════════════════════════════════════════╝

    attachment #1: trace (application/zip) ─────────────────────────────────────────────────────────
    test-results/discover-Discover-search-t-d3c19-s-TV-Actor-IMDb-are-visible-chromium-retry1/trace.zip
    Usage:

        npx playwright show-trace test-results/discover-Discover-search-t-d3c19-s-TV-Actor-IMDb-are-visible-chromium-retry1/trace.zip

    ────────────────────────────────────────────────────────────────────────────────────────────────

  7) [chromium] › e2e/discover.spec.ts:111:7 › Discover: search tab › Title search returns results for 'Inception' (TMDB required) 

    Error: browserType.launch: Executable doesn't exist at /Users/carter/media-tracker/.pw-browsers/chromium_headless_shell-1208/chrome-headless-shell-mac-x64/chrome-headless-shell
    ╔═════════════════════════════════════════════════════════════════════════╗
    ║ Looks like Playwright Test or Playwright was just installed or updated. ║
    ║ Please run the following command to download new browsers:              ║
    ║                                                                         ║
    ║     npx playwright install                                              ║
    ║                                                                         ║
    ║ <3 Playwright Team                                                      ║
    ╚═════════════════════════════════════════════════════════════════════════╝

    Retry #1 ───────────────────────────────────────────────────────────────────────────────────────

    Error: browserType.launch: Executable doesn't exist at /Users/carter/media-tracker/.pw-browsers/chromium_headless_shell-1208/chrome-headless-shell-mac-x64/chrome-headless-shell
    ╔═════════════════════════════════════════════════════════════════════════╗
    ║ Looks like Playwright Test or Playwright was just installed or updated. ║
    ║ Please run the following command to download new browsers:              ║
    ║                                                                         ║
    ║     npx playwright install                                              ║
    ║                                                                         ║
    ║ <3 Playwright Team                                                      ║
    ╚═════════════════════════════════════════════════════════════════════════╝

    attachment #1: trace (application/zip) ─────────────────────────────────────────────────────────
    test-results/discover-Discover-search-t-6d20e-or-Inception-TMDB-required--chromium-retry1/trace.zip
    Usage:

        npx playwright show-trace test-results/discover-Discover-search-t-6d20e-or-Inception-TMDB-required--chromium-retry1/trace.zip

    ────────────────────────────────────────────────────────────────────────────────────────────────

  8) [chromium] › e2e/discover.spec.ts:121:7 › Discover: search tab › No-results state shown for obscure query (TMDB required) 

    Error: browserType.launch: Executable doesn't exist at /Users/carter/media-tracker/.pw-browsers/chromium_headless_shell-1208/chrome-headless-shell-mac-x64/chrome-headless-shell
    ╔═════════════════════════════════════════════════════════════════════════╗
    ║ Looks like Playwright Test or Playwright was just installed or updated. ║
    ║ Please run the following command to download new browsers:              ║
    ║                                                                         ║
    ║     npx playwright install                                              ║
    ║                                                                         ║
    ║ <3 Playwright Team                                                      ║
    ╚═════════════════════════════════════════════════════════════════════════╝

    Retry #1 ───────────────────────────────────────────────────────────────────────────────────────

    Error: browserType.launch: Executable doesn't exist at /Users/carter/media-tracker/.pw-browsers/chromium_headless_shell-1208/chrome-headless-shell-mac-x64/chrome-headless-shell
    ╔═════════════════════════════════════════════════════════════════════════╗
    ║ Looks like Playwright Test or Playwright was just installed or updated. ║
    ║ Please run the following command to download new browsers:              ║
    ║                                                                         ║
    ║     npx playwright install                                              ║
    ║                                                                         ║
    ║ <3 Playwright Team                                                      ║
    ╚═════════════════════════════════════════════════════════════════════════╝

    attachment #1: trace (application/zip) ─────────────────────────────────────────────────────────
    test-results/discover-Discover-search-t-e0d7e-bscure-query-TMDB-required--chromium-retry1/trace.zip
    Usage:

        npx playwright show-trace test-results/discover-Discover-search-t-e0d7e-bscure-query-TMDB-required--chromium-retry1/trace.zip

    ────────────────────────────────────────────────────────────────────────────────────────────────

  9) [chromium] › e2e/discover.spec.ts:131:7 › Discover: search tab › Actor search: typing shows an actor select (TMDB required) 

    Error: browserType.launch: Executable doesn't exist at /Users/carter/media-tracker/.pw-browsers/chromium_headless_shell-1208/chrome-headless-shell-mac-x64/chrome-headless-shell
    ╔═════════════════════════════════════════════════════════════════════════╗
    ║ Looks like Playwright Test or Playwright was just installed or updated. ║
    ║ Please run the following command to download new browsers:              ║
    ║                                                                         ║
    ║     npx playwright install                                              ║
    ║                                                                         ║
    ║ <3 Playwright Team                                                      ║
    ╚═════════════════════════════════════════════════════════════════════════╝

    Retry #1 ───────────────────────────────────────────────────────────────────────────────────────

    Error: browserType.launch: Executable doesn't exist at /Users/carter/media-tracker/.pw-browsers/chromium_headless_shell-1208/chrome-headless-shell-mac-x64/chrome-headless-shell
    ╔═════════════════════════════════════════════════════════════════════════╗
    ║ Looks like Playwright Test or Playwright was just installed or updated. ║
    ║ Please run the following command to download new browsers:              ║
    ║                                                                         ║
    ║     npx playwright install                                              ║
    ║                                                                         ║
    ║ <3 Playwright Team                                                      ║
    ╚═════════════════════════════════════════════════════════════════════════╝

    attachment #1: trace (application/zip) ─────────────────────────────────────────────────────────
    test-results/discover-Discover-search-t-f6859-actor-select-TMDB-required--chromium-retry1/trace.zip
    Usage:

        npx playwright show-trace test-results/discover-Discover-search-t-f6859-actor-select-TMDB-required--chromium-retry1/trace.zip

    ────────────────────────────────────────────────────────────────────────────────────────────────

  10) [chromium] › e2e/discover.spec.ts:157:7 › Discover: add from search results (TMDB required) › Search → Add to list → QuickSetup → Save & Continue → item in library 

    Error: browserType.launch: Executable doesn't exist at /Users/carter/media-tracker/.pw-browsers/chromium_headless_shell-1208/chrome-headless-shell-mac-x64/chrome-headless-shell
    ╔═════════════════════════════════════════════════════════════════════════╗
    ║ Looks like Playwright Test or Playwright was just installed or updated. ║
    ║ Please run the following command to download new browsers:              ║
    ║                                                                         ║
    ║     npx playwright install                                              ║
    ║                                                                         ║
    ║ <3 Playwright Team                                                      ║
    ╚═════════════════════════════════════════════════════════════════════════╝

    Retry #1 ───────────────────────────────────────────────────────────────────────────────────────

    Error: browserType.launch: Executable doesn't exist at /Users/carter/media-tracker/.pw-browsers/chromium_headless_shell-1208/chrome-headless-shell-mac-x64/chrome-headless-shell
    ╔═════════════════════════════════════════════════════════════════════════╗
    ║ Looks like Playwright Test or Playwright was just installed or updated. ║
    ║ Please run the following command to download new browsers:              ║
    ║                                                                         ║
    ║     npx playwright install                                              ║
    ║                                                                         ║
    ║ <3 Playwright Team                                                      ║
    ╚═════════════════════════════════════════════════════════════════════════╝

    attachment #1: trace (application/zip) ─────────────────────────────────────────────────────────
    test-results/discover-Discover-add-from-fa5b7--Continue-→-item-in-library-chromium-retry1/trace.zip
    Usage:

        npx playwright show-trace test-results/discover-Discover-add-from-fa5b7--Continue-→-item-in-library-chromium-retry1/trace.zip

    ────────────────────────────────────────────────────────────────────────────────────────────────

  11) [chromium] › e2e/discover.spec.ts:196:7 › Discover: add from search results (TMDB required) › Added item shows 'In collection' badge on second visit 

    Error: browserType.launch: Executable doesn't exist at /Users/carter/media-tracker/.pw-browsers/chromium_headless_shell-1208/chrome-headless-shell-mac-x64/chrome-headless-shell
    ╔═════════════════════════════════════════════════════════════════════════╗
    ║ Looks like Playwright Test or Playwright was just installed or updated. ║
    ║ Please run the following command to download new browsers:              ║
    ║                                                                         ║
    ║     npx playwright install                                              ║
    ║                                                                         ║
    ║ <3 Playwright Team                                                      ║
    ╚═════════════════════════════════════════════════════════════════════════╝

    Retry #1 ───────────────────────────────────────────────────────────────────────────────────────

    Error: browserType.launch: Executable doesn't exist at /Users/carter/media-tracker/.pw-browsers/chromium_headless_shell-1208/chrome-headless-shell-mac-x64/chrome-headless-shell
    ╔═════════════════════════════════════════════════════════════════════════╗
    ║ Looks like Playwright Test or Playwright was just installed or updated. ║
    ║ Please run the following command to download new browsers:              ║
    ║                                                                         ║
    ║     npx playwright install                                              ║
    ║                                                                         ║
    ║ <3 Playwright Team                                                      ║
    ╚═════════════════════════════════════════════════════════════════════════╝

    attachment #1: trace (application/zip) ─────────────────────────────────────────────────────────
    test-results/discover-Discover-add-from-4b2d9-ction-badge-on-second-visit-chromium-retry1/trace.zip
    Usage:

        npx playwright show-trace test-results/discover-Discover-add-from-4b2d9-ction-badge-on-second-visit-chromium-retry1/trace.zip

    ────────────────────────────────────────────────────────────────────────────────────────────────

  12) [chromium] › e2e/discover.spec.ts:233:7 › Discover: add from browse grid (TMDB required) › Click a card in browse grid → QuickSetup → item saved (TMDB required) 

    Error: browserType.launch: Executable doesn't exist at /Users/carter/media-tracker/.pw-browsers/chromium_headless_shell-1208/chrome-headless-shell-mac-x64/chrome-headless-shell
    ╔═════════════════════════════════════════════════════════════════════════╗
    ║ Looks like Playwright Test or Playwright was just installed or updated. ║
    ║ Please run the following command to download new browsers:              ║
    ║                                                                         ║
    ║     npx playwright install                                              ║
    ║                                                                         ║
    ║ <3 Playwright Team                                                      ║
    ╚═════════════════════════════════════════════════════════════════════════╝

    Retry #1 ───────────────────────────────────────────────────────────────────────────────────────

    Error: browserType.launch: Executable doesn't exist at /Users/carter/media-tracker/.pw-browsers/chromium_headless_shell-1208/chrome-headless-shell-mac-x64/chrome-headless-shell
    ╔═════════════════════════════════════════════════════════════════════════╗
    ║ Looks like Playwright Test or Playwright was just installed or updated. ║
    ║ Please run the following command to download new browsers:              ║
    ║                                                                         ║
    ║     npx playwright install                                              ║
    ║                                                                         ║
    ║ <3 Playwright Team                                                      ║
    ╚═════════════════════════════════════════════════════════════════════════╝

    attachment #1: trace (application/zip) ─────────────────────────────────────────────────────────
    test-results/discover-Discover-add-from-0b53a-→-item-saved-TMDB-required--chromium-retry1/trace.zip
    Usage:

        npx playwright show-trace test-results/discover-Discover-add-from-0b53a-→-item-saved-TMDB-required--chromium-retry1/trace.zip

    ────────────────────────────────────────────────────────────────────────────────────────────────

  13) [chromium] › e2e/discover.spec.ts:295:7 › Discover: IMDb lookup (TMDB required) › IMDb ID lookup opens QuickSetup modal 

    Error: browserType.launch: Executable doesn't exist at /Users/carter/media-tracker/.pw-browsers/chromium_headless_shell-1208/chrome-headless-shell-mac-x64/chrome-headless-shell
    ╔═════════════════════════════════════════════════════════════════════════╗
    ║ Looks like Playwright Test or Playwright was just installed or updated. ║
    ║ Please run the following command to download new browsers:              ║
    ║                                                                         ║
    ║     npx playwright install                                              ║
    ║                                                                         ║
    ║ <3 Playwright Team                                                      ║
    ╚═════════════════════════════════════════════════════════════════════════╝

    Retry #1 ───────────────────────────────────────────────────────────────────────────────────────

    Error: browserType.launch: Executable doesn't exist at /Users/carter/media-tracker/.pw-browsers/chromium_headless_shell-1208/chrome-headless-shell-mac-x64/chrome-headless-shell
    ╔═════════════════════════════════════════════════════════════════════════╗
    ║ Looks like Playwright Test or Playwright was just installed or updated. ║
    ║ Please run the following command to download new browsers:              ║
    ║                                                                         ║
    ║     npx playwright install                                              ║
    ║                                                                         ║
    ║ <3 Playwright Team                                                      ║
    ╚═════════════════════════════════════════════════════════════════════════╝

    attachment #1: trace (application/zip) ─────────────────────────────────────────────────────────
    test-results/discover-Discover-IMDb-loo-6a573-okup-opens-QuickSetup-modal-chromium-retry1/trace.zip
    Usage:

        npx playwright show-trace test-results/discover-Discover-IMDb-loo-6a573-okup-opens-QuickSetup-modal-chromium-retry1/trace.zip

    ────────────────────────────────────────────────────────────────────────────────────────────────

  14) [chromium] › e2e/library.spec.ts:102:7 › Library: page routing › /all shows both movie and TV 

    Error: browserType.launch: Executable doesn't exist at /Users/carter/media-tracker/.pw-browsers/chromium_headless_shell-1208/chrome-headless-shell-mac-x64/chrome-headless-shell
    ╔═════════════════════════════════════════════════════════════════════════╗
    ║ Looks like Playwright Test or Playwright was just installed or updated. ║
    ║ Please run the following command to download new browsers:              ║
    ║                                                                         ║
    ║     npx playwright install                                              ║
    ║                                                                         ║
    ║ <3 Playwright Team                                                      ║
    ╚═════════════════════════════════════════════════════════════════════════╝

    Retry #1 ───────────────────────────────────────────────────────────────────────────────────────

    Error: browserType.launch: Executable doesn't exist at /Users/carter/media-tracker/.pw-browsers/chromium_headless_shell-1208/chrome-headless-shell-mac-x64/chrome-headless-shell
    ╔═════════════════════════════════════════════════════════════════════════╗
    ║ Looks like Playwright Test or Playwright was just installed or updated. ║
    ║ Please run the following command to download new browsers:              ║
    ║                                                                         ║
    ║     npx playwright install                                              ║
    ║                                                                         ║
    ║ <3 Playwright Team                                                      ║
    ╚═════════════════════════════════════════════════════════════════════════╝

    attachment #1: trace (application/zip) ─────────────────────────────────────────────────────────
    test-results/library-Library-page-routing-all-shows-both-movie-and-TV-chromium-retry1/trace.zip
    Usage:

        npx playwright show-trace test-results/library-Library-page-routing-all-shows-both-movie-and-TV-chromium-retry1/trace.zip

    ────────────────────────────────────────────────────────────────────────────────────────────────

  15) [chromium] › e2e/library.spec.ts:111:7 › Library: page routing › /movies shows movie but not TV 

    Error: browserType.launch: Executable doesn't exist at /Users/carter/media-tracker/.pw-browsers/chromium_headless_shell-1208/chrome-headless-shell-mac-x64/chrome-headless-shell
    ╔═════════════════════════════════════════════════════════════════════════╗
    ║ Looks like Playwright Test or Playwright was just installed or updated. ║
    ║ Please run the following command to download new browsers:              ║
    ║                                                                         ║
    ║     npx playwright install                                              ║
    ║                                                                         ║
    ║ <3 Playwright Team                                                      ║
    ╚═════════════════════════════════════════════════════════════════════════╝

    Retry #1 ───────────────────────────────────────────────────────────────────────────────────────

    Error: browserType.launch: Executable doesn't exist at /Users/carter/media-tracker/.pw-browsers/chromium_headless_shell-1208/chrome-headless-shell-mac-x64/chrome-headless-shell
    ╔═════════════════════════════════════════════════════════════════════════╗
    ║ Looks like Playwright Test or Playwright was just installed or updated. ║
    ║ Please run the following command to download new browsers:              ║
    ║                                                                         ║
    ║     npx playwright install                                              ║
    ║                                                                         ║
    ║ <3 Playwright Team                                                      ║
    ╚═════════════════════════════════════════════════════════════════════════╝

    attachment #1: trace (application/zip) ─────────────────────────────────────────────────────────
    test-results/library-Library-page-routing-movies-shows-movie-but-not-TV-chromium-retry1/trace.zip
    Usage:

        npx playwright show-trace test-results/library-Library-page-routing-movies-shows-movie-but-not-TV-chromium-retry1/trace.zip

    ────────────────────────────────────────────────────────────────────────────────────────────────

  16) [chromium] › e2e/library.spec.ts:119:7 › Library: page routing › /series shows TV but not movie 

    Error: browserType.launch: Executable doesn't exist at /Users/carter/media-tracker/.pw-browsers/chromium_headless_shell-1208/chrome-headless-shell-mac-x64/chrome-headless-shell
    ╔═════════════════════════════════════════════════════════════════════════╗
    ║ Looks like Playwright Test or Playwright was just installed or updated. ║
    ║ Please run the following command to download new browsers:              ║
    ║                                                                         ║
    ║     npx playwright install                                              ║
    ║                                                                         ║
    ║ <3 Playwright Team                                                      ║
    ╚═════════════════════════════════════════════════════════════════════════╝

    Retry #1 ───────────────────────────────────────────────────────────────────────────────────────

    Error: browserType.launch: Executable doesn't exist at /Users/carter/media-tracker/.pw-browsers/chromium_headless_shell-1208/chrome-headless-shell-mac-x64/chrome-headless-shell
    ╔═════════════════════════════════════════════════════════════════════════╗
    ║ Looks like Playwright Test or Playwright was just installed or updated. ║
    ║ Please run the following command to download new browsers:              ║
    ║                                                                         ║
    ║     npx playwright install                                              ║
    ║                                                                         ║
    ║ <3 Playwright Team                                                      ║
    ╚═════════════════════════════════════════════════════════════════════════╝

    attachment #1: trace (application/zip) ─────────────────────────────────────────────────────────
    test-results/library-Library-page-routing-series-shows-TV-but-not-movie-chromium-retry1/trace.zip
    Usage:

        npx playwright show-trace test-results/library-Library-page-routing-series-shows-TV-but-not-movie-chromium-retry1/trace.zip

    ────────────────────────────────────────────────────────────────────────────────────────────────

  17) [chromium] › e2e/library.spec.ts:150:7 › Library: status filters › 'All' filter shows both items 

    Error: browserType.launch: Executable doesn't exist at /Users/carter/media-tracker/.pw-browsers/chromium_headless_shell-1208/chrome-headless-shell-mac-x64/chrome-headless-shell
    ╔═════════════════════════════════════════════════════════════════════════╗
    ║ Looks like Playwright Test or Playwright was just installed or updated. ║
    ║ Please run the following command to download new browsers:              ║
    ║                                                                         ║
    ║     npx playwright install                                              ║
    ║                                                                         ║
    ║ <3 Playwright Team                                                      ║
    ╚═════════════════════════════════════════════════════════════════════════╝

    Retry #1 ───────────────────────────────────────────────────────────────────────────────────────

    Error: browserType.launch: Executable doesn't exist at /Users/carter/media-tracker/.pw-browsers/chromium_headless_shell-1208/chrome-headless-shell-mac-x64/chrome-headless-shell
    ╔═════════════════════════════════════════════════════════════════════════╗
    ║ Looks like Playwright Test or Playwright was just installed or updated. ║
    ║ Please run the following command to download new browsers:              ║
    ║                                                                         ║
    ║     npx playwright install                                              ║
    ║                                                                         ║
    ║ <3 Playwright Team                                                      ║
    ╚═════════════════════════════════════════════════════════════════════════╝

    attachment #1: trace (application/zip) ─────────────────────────────────────────────────────────
    test-results/library-Library-status-filters-All-filter-shows-both-items-chromium-retry1/trace.zip
    Usage:

        npx playwright show-trace test-results/library-Library-status-filters-All-filter-shows-both-items-chromium-retry1/trace.zip

    ────────────────────────────────────────────────────────────────────────────────────────────────

  18) [chromium] › e2e/library.spec.ts:158:7 › Library: status filters › 'Unwatched' filter shows only yet_to_start movie 

    Error: browserType.launch: Executable doesn't exist at /Users/carter/media-tracker/.pw-browsers/chromium_headless_shell-1208/chrome-headless-shell-mac-x64/chrome-headless-shell
    ╔═════════════════════════════════════════════════════════════════════════╗
    ║ Looks like Playwright Test or Playwright was just installed or updated. ║
    ║ Please run the following command to download new browsers:              ║
    ║                                                                         ║
    ║     npx playwright install                                              ║
    ║                                                                         ║
    ║ <3 Playwright Team                                                      ║
    ╚═════════════════════════════════════════════════════════════════════════╝

    Retry #1 ───────────────────────────────────────────────────────────────────────────────────────

    Error: browserType.launch: Executable doesn't exist at /Users/carter/media-tracker/.pw-browsers/chromium_headless_shell-1208/chrome-headless-shell-mac-x64/chrome-headless-shell
    ╔═════════════════════════════════════════════════════════════════════════╗
    ║ Looks like Playwright Test or Playwright was just installed or updated. ║
    ║ Please run the following command to download new browsers:              ║
    ║                                                                         ║
    ║     npx playwright install                                              ║
    ║                                                                         ║
    ║ <3 Playwright Team                                                      ║
    ╚═════════════════════════════════════════════════════════════════════════╝

    attachment #1: trace (application/zip) ─────────────────────────────────────────────────────────
    test-results/library-Library-status-fil-3f630-ows-only-yet-to-start-movie-chromium-retry1/trace.zip
    Usage:

        npx playwright show-trace test-results/library-Library-status-fil-3f630-ows-only-yet-to-start-movie-chromium-retry1/trace.zip

    ────────────────────────────────────────────────────────────────────────────────────────────────

  19) [chromium] › e2e/library.spec.ts:170:7 › Library: status filters › 'In progress' filter shows only in_progress TV 

    Error: browserType.launch: Executable doesn't exist at /Users/carter/media-tracker/.pw-browsers/chromium_headless_shell-1208/chrome-headless-shell-mac-x64/chrome-headless-shell
    ╔═════════════════════════════════════════════════════════════════════════╗
    ║ Looks like Playwright Test or Playwright was just installed or updated. ║
    ║ Please run the following command to download new browsers:              ║
    ║                                                                         ║
    ║     npx playwright install                                              ║
    ║                                                                         ║
    ║ <3 Playwright Team                                                      ║
    ╚═════════════════════════════════════════════════════════════════════════╝

    Retry #1 ───────────────────────────────────────────────────────────────────────────────────────

    Error: browserType.launch: Executable doesn't exist at /Users/carter/media-tracker/.pw-browsers/chromium_headless_shell-1208/chrome-headless-shell-mac-x64/chrome-headless-shell
    ╔═════════════════════════════════════════════════════════════════════════╗
    ║ Looks like Playwright Test or Playwright was just installed or updated. ║
    ║ Please run the following command to download new browsers:              ║
    ║                                                                         ║
    ║     npx playwright install                                              ║
    ║                                                                         ║
    ║ <3 Playwright Team                                                      ║
    ╚═════════════════════════════════════════════════════════════════════════╝

    attachment #1: trace (application/zip) ─────────────────────────────────────────────────────────
    test-results/library-Library-status-fil-46db5-r-shows-only-in-progress-TV-chromium-retry1/trace.zip
    Usage:

        npx playwright show-trace test-results/library-Library-status-fil-46db5-r-shows-only-in-progress-TV-chromium-retry1/trace.zip

    ────────────────────────────────────────────────────────────────────────────────────────────────

  20) [chromium] › e2e/library.spec.ts:200:7 › Library: edit item via detail modal › changing status to 'Finished' persists after save 

    Error: browserType.launch: Executable doesn't exist at /Users/carter/media-tracker/.pw-browsers/chromium_headless_shell-1208/chrome-headless-shell-mac-x64/chrome-headless-shell
    ╔═════════════════════════════════════════════════════════════════════════╗
    ║ Looks like Playwright Test or Playwright was just installed or updated. ║
    ║ Please run the following command to download new browsers:              ║
    ║                                                                         ║
    ║     npx playwright install                                              ║
    ║                                                                         ║
    ║ <3 Playwright Team                                                      ║
    ╚═════════════════════════════════════════════════════════════════════════╝

    Retry #1 ───────────────────────────────────────────────────────────────────────────────────────

    Error: browserType.launch: Executable doesn't exist at /Users/carter/media-tracker/.pw-browsers/chromium_headless_shell-1208/chrome-headless-shell-mac-x64/chrome-headless-shell
    ╔═════════════════════════════════════════════════════════════════════════╗
    ║ Looks like Playwright Test or Playwright was just installed or updated. ║
    ║ Please run the following command to download new browsers:              ║
    ║                                                                         ║
    ║     npx playwright install                                              ║
    ║                                                                         ║
    ║ <3 Playwright Team                                                      ║
    ╚═════════════════════════════════════════════════════════════════════════╝

    attachment #1: trace (application/zip) ─────────────────────────────────────────────────────────
    test-results/library-Library-edit-item--e06d3-inished-persists-after-save-chromium-retry1/trace.zip
    Usage:

        npx playwright show-trace test-results/library-Library-edit-item--e06d3-inished-persists-after-save-chromium-retry1/trace.zip

    ────────────────────────────────────────────────────────────────────────────────────────────────

  21) [chromium] › e2e/library.spec.ts:223:7 › Library: edit item via detail modal › updating streaming service persists after save 

    Error: browserType.launch: Executable doesn't exist at /Users/carter/media-tracker/.pw-browsers/chromium_headless_shell-1208/chrome-headless-shell-mac-x64/chrome-headless-shell
    ╔═════════════════════════════════════════════════════════════════════════╗
    ║ Looks like Playwright Test or Playwright was just installed or updated. ║
    ║ Please run the following command to download new browsers:              ║
    ║                                                                         ║
    ║     npx playwright install                                              ║
    ║                                                                         ║
    ║ <3 Playwright Team                                                      ║
    ╚═════════════════════════════════════════════════════════════════════════╝

    Retry #1 ───────────────────────────────────────────────────────────────────────────────────────

    Error: browserType.launch: Executable doesn't exist at /Users/carter/media-tracker/.pw-browsers/chromium_headless_shell-1208/chrome-headless-shell-mac-x64/chrome-headless-shell
    ╔═════════════════════════════════════════════════════════════════════════╗
    ║ Looks like Playwright Test or Playwright was just installed or updated. ║
    ║ Please run the following command to download new browsers:              ║
    ║                                                                         ║
    ║     npx playwright install                                              ║
    ║                                                                         ║
    ║ <3 Playwright Team                                                      ║
    ╚═════════════════════════════════════════════════════════════════════════╝

    attachment #1: trace (application/zip) ─────────────────────────────────────────────────────────
    test-results/library-Library-edit-item--57209-service-persists-after-save-chromium-retry1/trace.zip
    Usage:

        npx playwright show-trace test-results/library-Library-edit-item--57209-service-persists-after-save-chromium-retry1/trace.zip

    ────────────────────────────────────────────────────────────────────────────────────────────────

  22) [chromium] › e2e/library.spec.ts:245:7 › Library: edit item via detail modal › changing viewer to 'Me' persists after save 

    Error: browserType.launch: Executable doesn't exist at /Users/carter/media-tracker/.pw-browsers/chromium_headless_shell-1208/chrome-headless-shell-mac-x64/chrome-headless-shell
    ╔═════════════════════════════════════════════════════════════════════════╗
    ║ Looks like Playwright Test or Playwright was just installed or updated. ║
    ║ Please run the following command to download new browsers:              ║
    ║                                                                         ║
    ║     npx playwright install                                              ║
    ║                                                                         ║
    ║ <3 Playwright Team                                                      ║
    ╚═════════════════════════════════════════════════════════════════════════╝

    Retry #1 ───────────────────────────────────────────────────────────────────────────────────────

    Error: browserType.launch: Executable doesn't exist at /Users/carter/media-tracker/.pw-browsers/chromium_headless_shell-1208/chrome-headless-shell-mac-x64/chrome-headless-shell
    ╔═════════════════════════════════════════════════════════════════════════╗
    ║ Looks like Playwright Test or Playwright was just installed or updated. ║
    ║ Please run the following command to download new browsers:              ║
    ║                                                                         ║
    ║     npx playwright install                                              ║
    ║                                                                         ║
    ║ <3 Playwright Team                                                      ║
    ╚═════════════════════════════════════════════════════════════════════════╝

    attachment #1: trace (application/zip) ─────────────────────────────────────────────────────────
    test-results/library-Library-edit-item--7cc0c-r-to-Me-persists-after-save-chromium-retry1/trace.zip
    Usage:

        npx playwright show-trace test-results/library-Library-edit-item--7cc0c-r-to-Me-persists-after-save-chromium-retry1/trace.zip

    ────────────────────────────────────────────────────────────────────────────────────────────────

  23) [chromium] › e2e/library.spec.ts:267:7 › Library: edit item via detail modal › Cancel button closes modal without saving 

    Error: browserType.launch: Executable doesn't exist at /Users/carter/media-tracker/.pw-browsers/chromium_headless_shell-1208/chrome-headless-shell-mac-x64/chrome-headless-shell
    ╔═════════════════════════════════════════════════════════════════════════╗
    ║ Looks like Playwright Test or Playwright was just installed or updated. ║
    ║ Please run the following command to download new browsers:              ║
    ║                                                                         ║
    ║     npx playwright install                                              ║
    ║                                                                         ║
    ║ <3 Playwright Team                                                      ║
    ╚═════════════════════════════════════════════════════════════════════════╝

    Retry #1 ───────────────────────────────────────────────────────────────────────────────────────

    Error: browserType.launch: Executable doesn't exist at /Users/carter/media-tracker/.pw-browsers/chromium_headless_shell-1208/chrome-headless-shell-mac-x64/chrome-headless-shell
    ╔═════════════════════════════════════════════════════════════════════════╗
    ║ Looks like Playwright Test or Playwright was just installed or updated. ║
    ║ Please run the following command to download new browsers:              ║
    ║                                                                         ║
    ║     npx playwright install                                              ║
    ║                                                                         ║
    ║ <3 Playwright Team                                                      ║
    ╚═════════════════════════════════════════════════════════════════════════╝

    attachment #1: trace (application/zip) ─────────────────────────────────────────────────────────
    test-results/library-Library-edit-item--9d72c-closes-modal-without-saving-chromium-retry1/trace.zip
    Usage:

        npx playwright show-trace test-results/library-Library-edit-item--9d72c-closes-modal-without-saving-chromium-retry1/trace.zip

    ────────────────────────────────────────────────────────────────────────────────────────────────

  24) [chromium] › e2e/library.spec.ts:306:7 › Library: delete item from modal › Remove button deletes item from library 

    Error: browserType.launch: Executable doesn't exist at /Users/carter/media-tracker/.pw-browsers/chromium_headless_shell-1208/chrome-headless-shell-mac-x64/chrome-headless-shell
    ╔═════════════════════════════════════════════════════════════════════════╗
    ║ Looks like Playwright Test or Playwright was just installed or updated. ║
    ║ Please run the following command to download new browsers:              ║
    ║                                                                         ║
    ║     npx playwright install                                              ║
    ║                                                                         ║
    ║ <3 Playwright Team                                                      ║
    ╚═════════════════════════════════════════════════════════════════════════╝

    Retry #1 ───────────────────────────────────────────────────────────────────────────────────────

    Error: browserType.launch: Executable doesn't exist at /Users/carter/media-tracker/.pw-browsers/chromium_headless_shell-1208/chrome-headless-shell-mac-x64/chrome-headless-shell
    ╔═════════════════════════════════════════════════════════════════════════╗
    ║ Looks like Playwright Test or Playwright was just installed or updated. ║
    ║ Please run the following command to download new browsers:              ║
    ║                                                                         ║
    ║     npx playwright install                                              ║
    ║                                                                         ║
    ║ <3 Playwright Team                                                      ║
    ╚═════════════════════════════════════════════════════════════════════════╝

    attachment #1: trace (application/zip) ─────────────────────────────────────────────────────────
    test-results/library-Library-delete-ite-52465-n-deletes-item-from-library-chromium-retry1/trace.zip
    Usage:

        npx playwright show-trace test-results/library-Library-delete-ite-52465-n-deletes-item-from-library-chromium-retry1/trace.zip

    ────────────────────────────────────────────────────────────────────────────────────────────────

  25) [chromium] › e2e/library.spec.ts:334:7 › Settings page › Settings page renders section headings and Plex link 

    Error: browserType.launch: Executable doesn't exist at /Users/carter/media-tracker/.pw-browsers/chromium_headless_shell-1208/chrome-headless-shell-mac-x64/chrome-headless-shell
    ╔═════════════════════════════════════════════════════════════════════════╗
    ║ Looks like Playwright Test or Playwright was just installed or updated. ║
    ║ Please run the following command to download new browsers:              ║
    ║                                                                         ║
    ║     npx playwright install                                              ║
    ║                                                                         ║
    ║ <3 Playwright Team                                                      ║
    ╚═════════════════════════════════════════════════════════════════════════╝

    Retry #1 ───────────────────────────────────────────────────────────────────────────────────────

    Error: browserType.launch: Executable doesn't exist at /Users/carter/media-tracker/.pw-browsers/chromium_headless_shell-1208/chrome-headless-shell-mac-x64/chrome-headless-shell
    ╔═════════════════════════════════════════════════════════════════════════╗
    ║ Looks like Playwright Test or Playwright was just installed or updated. ║
    ║ Please run the following command to download new browsers:              ║
    ║                                                                         ║
    ║     npx playwright install                                              ║
    ║                                                                         ║
    ║ <3 Playwright Team                                                      ║
    ╚═════════════════════════════════════════════════════════════════════════╝

    attachment #1: trace (application/zip) ─────────────────────────────────────────────────────────
    test-results/library-Settings-page-Sett-db897-tion-headings-and-Plex-link-chromium-retry1/trace.zip
    Usage:

        npx playwright show-trace test-results/library-Settings-page-Sett-db897-tion-headings-and-Plex-link-chromium-retry1/trace.zip

    ────────────────────────────────────────────────────────────────────────────────────────────────

  26) [chromium] › e2e/library.spec.ts:342:7 › Settings page › Settings links to /plex ─────────────

    Error: browserType.launch: Executable doesn't exist at /Users/carter/media-tracker/.pw-browsers/chromium_headless_shell-1208/chrome-headless-shell-mac-x64/chrome-headless-shell
    ╔═════════════════════════════════════════════════════════════════════════╗
    ║ Looks like Playwright Test or Playwright was just installed or updated. ║
    ║ Please run the following command to download new browsers:              ║
    ║                                                                         ║
    ║     npx playwright install                                              ║
    ║                                                                         ║
    ║ <3 Playwright Team                                                      ║
    ╚═════════════════════════════════════════════════════════════════════════╝

    Retry #1 ───────────────────────────────────────────────────────────────────────────────────────

    Error: browserType.launch: Executable doesn't exist at /Users/carter/media-tracker/.pw-browsers/chromium_headless_shell-1208/chrome-headless-shell-mac-x64/chrome-headless-shell
    ╔═════════════════════════════════════════════════════════════════════════╗
    ║ Looks like Playwright Test or Playwright was just installed or updated. ║
    ║ Please run the following command to download new browsers:              ║
    ║                                                                         ║
    ║     npx playwright install                                              ║
    ║                                                                         ║
    ║ <3 Playwright Team                                                      ║
    ╚═════════════════════════════════════════════════════════════════════════╝

    attachment #1: trace (application/zip) ─────────────────────────────────────────────────────────
    test-results/library-Settings-page-Settings-links-to-plex-chromium-retry1/trace.zip
    Usage:

        npx playwright show-trace test-results/library-Settings-page-Settings-links-to-plex-chromium-retry1/trace.zip

    ────────────────────────────────────────────────────────────────────────────────────────────────

  27) [chromium] › e2e/library.spec.ts:348:7 › Settings page › Theme swatches are clickable ────────

    Error: browserType.launch: Executable doesn't exist at /Users/carter/media-tracker/.pw-browsers/chromium_headless_shell-1208/chrome-headless-shell-mac-x64/chrome-headless-shell
    ╔═════════════════════════════════════════════════════════════════════════╗
    ║ Looks like Playwright Test or Playwright was just installed or updated. ║
    ║ Please run the following command to download new browsers:              ║
    ║                                                                         ║
    ║     npx playwright install                                              ║
    ║                                                                         ║
    ║ <3 Playwright Team                                                      ║
    ╚═════════════════════════════════════════════════════════════════════════╝

    Retry #1 ───────────────────────────────────────────────────────────────────────────────────────

    Error: browserType.launch: Executable doesn't exist at /Users/carter/media-tracker/.pw-browsers/chromium_headless_shell-1208/chrome-headless-shell-mac-x64/chrome-headless-shell
    ╔═════════════════════════════════════════════════════════════════════════╗
    ║ Looks like Playwright Test or Playwright was just installed or updated. ║
    ║ Please run the following command to download new browsers:              ║
    ║                                                                         ║
    ║     npx playwright install                                              ║
    ║                                                                         ║
    ║ <3 Playwright Team                                                      ║
    ╚═════════════════════════════════════════════════════════════════════════╝

    attachment #1: trace (application/zip) ─────────────────────────────────────────────────────────
    test-results/library-Settings-page-Theme-swatches-are-clickable-chromium-retry1/trace.zip
    Usage:

        npx playwright show-trace test-results/library-Settings-page-Theme-swatches-are-clickable-chromium-retry1/trace.zip

    ────────────────────────────────────────────────────────────────────────────────────────────────

  28) [chromium] › e2e/library.spec.ts:355:7 › Settings page › Sync seasons button is present and clickable 

    Error: browserType.launch: Executable doesn't exist at /Users/carter/media-tracker/.pw-browsers/chromium_headless_shell-1208/chrome-headless-shell-mac-x64/chrome-headless-shell
    ╔═════════════════════════════════════════════════════════════════════════╗
    ║ Looks like Playwright Test or Playwright was just installed or updated. ║
    ║ Please run the following command to download new browsers:              ║
    ║                                                                         ║
    ║     npx playwright install                                              ║
    ║                                                                         ║
    ║ <3 Playwright Team                                                      ║
    ╚═════════════════════════════════════════════════════════════════════════╝

    Retry #1 ───────────────────────────────────────────────────────────────────────────────────────

    Error: browserType.launch: Executable doesn't exist at /Users/carter/media-tracker/.pw-browsers/chromium_headless_shell-1208/chrome-headless-shell-mac-x64/chrome-headless-shell
    ╔═════════════════════════════════════════════════════════════════════════╗
    ║ Looks like Playwright Test or Playwright was just installed or updated. ║
    ║ Please run the following command to download new browsers:              ║
    ║                                                                         ║
    ║     npx playwright install                                              ║
    ║                                                                         ║
    ║ <3 Playwright Team                                                      ║
    ╚═════════════════════════════════════════════════════════════════════════╝

    attachment #1: trace (application/zip) ─────────────────────────────────────────────────────────
    test-results/library-Settings-page-Sync-8d5d1-on-is-present-and-clickable-chromium-retry1/trace.zip
    Usage:

        npx playwright show-trace test-results/library-Settings-page-Sync-8d5d1-on-is-present-and-clickable-chromium-retry1/trace.zip

    ────────────────────────────────────────────────────────────────────────────────────────────────

  29) [chromium] › e2e/library.spec.ts:381:7 › Watching page › /watching shows in_progress TV show ─

    Error: browserType.launch: Executable doesn't exist at /Users/carter/media-tracker/.pw-browsers/chromium_headless_shell-1208/chrome-headless-shell-mac-x64/chrome-headless-shell
    ╔═════════════════════════════════════════════════════════════════════════╗
    ║ Looks like Playwright Test or Playwright was just installed or updated. ║
    ║ Please run the following command to download new browsers:              ║
    ║                                                                         ║
    ║     npx playwright install                                              ║
    ║                                                                         ║
    ║ <3 Playwright Team                                                      ║
    ╚═════════════════════════════════════════════════════════════════════════╝

    Retry #1 ───────────────────────────────────────────────────────────────────────────────────────

    Error: browserType.launch: Executable doesn't exist at /Users/carter/media-tracker/.pw-browsers/chromium_headless_shell-1208/chrome-headless-shell-mac-x64/chrome-headless-shell
    ╔═════════════════════════════════════════════════════════════════════════╗
    ║ Looks like Playwright Test or Playwright was just installed or updated. ║
    ║ Please run the following command to download new browsers:              ║
    ║                                                                         ║
    ║     npx playwright install                                              ║
    ║                                                                         ║
    ║ <3 Playwright Team                                                      ║
    ╚═════════════════════════════════════════════════════════════════════════╝

    attachment #1: trace (application/zip) ─────────────────────────────────────────────────────────
    test-results/library-Watching-page-watching-shows-in-progress-TV-show-chromium-retry1/trace.zip
    Usage:

        npx playwright show-trace test-results/library-Watching-page-watching-shows-in-progress-TV-show-chromium-retry1/trace.zip

    ────────────────────────────────────────────────────────────────────────────────────────────────

  30) [chromium] › e2e/library.spec.ts:387:7 › Watching page › /watching carousel renders for in_progress TV 

    Error: browserType.launch: Executable doesn't exist at /Users/carter/media-tracker/.pw-browsers/chromium_headless_shell-1208/chrome-headless-shell-mac-x64/chrome-headless-shell
    ╔═════════════════════════════════════════════════════════════════════════╗
    ║ Looks like Playwright Test or Playwright was just installed or updated. ║
    ║ Please run the following command to download new browsers:              ║
    ║                                                                         ║
    ║     npx playwright install                                              ║
    ║                                                                         ║
    ║ <3 Playwright Team                                                      ║
    ╚═════════════════════════════════════════════════════════════════════════╝

    Retry #1 ───────────────────────────────────────────────────────────────────────────────────────

    Error: browserType.launch: Executable doesn't exist at /Users/carter/media-tracker/.pw-browsers/chromium_headless_shell-1208/chrome-headless-shell-mac-x64/chrome-headless-shell
    ╔═════════════════════════════════════════════════════════════════════════╗
    ║ Looks like Playwright Test or Playwright was just installed or updated. ║
    ║ Please run the following command to download new browsers:              ║
    ║                                                                         ║
    ║     npx playwright install                                              ║
    ║                                                                         ║
    ║ <3 Playwright Team                                                      ║
    ╚═════════════════════════════════════════════════════════════════════════╝

    attachment #1: trace (application/zip) ─────────────────────────────────────────────────────────
    test-results/library-Watching-page-watc-6bffb--renders-for-in-progress-TV-chromium-retry1/trace.zip
    Usage:

        npx playwright show-trace test-results/library-Watching-page-watc-6bffb--renders-for-in-progress-TV-chromium-retry1/trace.zip

    ────────────────────────────────────────────────────────────────────────────────────────────────

  31) [chromium] › e2e/smoke.spec.ts:16:7 › Smoke › root redirects to discover ─────────────────────

    Error: browserType.launch: Executable doesn't exist at /Users/carter/media-tracker/.pw-browsers/chromium_headless_shell-1208/chrome-headless-shell-mac-x64/chrome-headless-shell
    ╔═════════════════════════════════════════════════════════════════════════╗
    ║ Looks like Playwright Test or Playwright was just installed or updated. ║
    ║ Please run the following command to download new browsers:              ║
    ║                                                                         ║
    ║     npx playwright install                                              ║
    ║                                                                         ║
    ║ <3 Playwright Team                                                      ║
    ╚═════════════════════════════════════════════════════════════════════════╝

    Retry #1 ───────────────────────────────────────────────────────────────────────────────────────

    Error: browserType.launch: Executable doesn't exist at /Users/carter/media-tracker/.pw-browsers/chromium_headless_shell-1208/chrome-headless-shell-mac-x64/chrome-headless-shell
    ╔═════════════════════════════════════════════════════════════════════════╗
    ║ Looks like Playwright Test or Playwright was just installed or updated. ║
    ║ Please run the following command to download new browsers:              ║
    ║                                                                         ║
    ║     npx playwright install                                              ║
    ║                                                                         ║
    ║ <3 Playwright Team                                                      ║
    ╚═════════════════════════════════════════════════════════════════════════╝

    attachment #1: trace (application/zip) ─────────────────────────────────────────────────────────
    test-results/smoke-Smoke-root-redirects-to-discover-chromium-retry1/trace.zip
    Usage:

        npx playwright show-trace test-results/smoke-Smoke-root-redirects-to-discover-chromium-retry1/trace.zip

    ────────────────────────────────────────────────────────────────────────────────────────────────

  32) [chromium] › e2e/smoke.spec.ts:22:9 › Smoke › dashboard page /discover loads ─────────────────

    Error: browserType.launch: Executable doesn't exist at /Users/carter/media-tracker/.pw-browsers/chromium_headless_shell-1208/chrome-headless-shell-mac-x64/chrome-headless-shell
    ╔═════════════════════════════════════════════════════════════════════════╗
    ║ Looks like Playwright Test or Playwright was just installed or updated. ║
    ║ Please run the following command to download new browsers:              ║
    ║                                                                         ║
    ║     npx playwright install                                              ║
    ║                                                                         ║
    ║ <3 Playwright Team                                                      ║
    ╚═════════════════════════════════════════════════════════════════════════╝

    Retry #1 ───────────────────────────────────────────────────────────────────────────────────────

    Error: browserType.launch: Executable doesn't exist at /Users/carter/media-tracker/.pw-browsers/chromium_headless_shell-1208/chrome-headless-shell-mac-x64/chrome-headless-shell
    ╔═════════════════════════════════════════════════════════════════════════╗
    ║ Looks like Playwright Test or Playwright was just installed or updated. ║
    ║ Please run the following command to download new browsers:              ║
    ║                                                                         ║
    ║     npx playwright install                                              ║
    ║                                                                         ║
    ║ <3 Playwright Team                                                      ║
    ╚═════════════════════════════════════════════════════════════════════════╝

    attachment #1: trace (application/zip) ─────────────────────────────────────────────────────────
    test-results/smoke-Smoke-dashboard-page-discover-loads-chromium-retry1/trace.zip
    Usage:

        npx playwright show-trace test-results/smoke-Smoke-dashboard-page-discover-loads-chromium-retry1/trace.zip

    ────────────────────────────────────────────────────────────────────────────────────────────────

  33) [chromium] › e2e/smoke.spec.ts:22:9 › Smoke › dashboard page /all loads ──────────────────────

    Error: browserType.launch: Executable doesn't exist at /Users/carter/media-tracker/.pw-browsers/chromium_headless_shell-1208/chrome-headless-shell-mac-x64/chrome-headless-shell
    ╔═════════════════════════════════════════════════════════════════════════╗
    ║ Looks like Playwright Test or Playwright was just installed or updated. ║
    ║ Please run the following command to download new browsers:              ║
    ║                                                                         ║
    ║     npx playwright install                                              ║
    ║                                                                         ║
    ║ <3 Playwright Team                                                      ║
    ╚═════════════════════════════════════════════════════════════════════════╝

    Retry #1 ───────────────────────────────────────────────────────────────────────────────────────

    Error: browserType.launch: Executable doesn't exist at /Users/carter/media-tracker/.pw-browsers/chromium_headless_shell-1208/chrome-headless-shell-mac-x64/chrome-headless-shell
    ╔═════════════════════════════════════════════════════════════════════════╗
    ║ Looks like Playwright Test or Playwright was just installed or updated. ║
    ║ Please run the following command to download new browsers:              ║
    ║                                                                         ║
    ║     npx playwright install                                              ║
    ║                                                                         ║
    ║ <3 Playwright Team                                                      ║
    ╚═════════════════════════════════════════════════════════════════════════╝

    attachment #1: trace (application/zip) ─────────────────────────────────────────────────────────
    test-results/smoke-Smoke-dashboard-page-all-loads-chromium-retry1/trace.zip
    Usage:

        npx playwright show-trace test-results/smoke-Smoke-dashboard-page-all-loads-chromium-retry1/trace.zip

    ────────────────────────────────────────────────────────────────────────────────────────────────

  34) [chromium] › e2e/smoke.spec.ts:22:9 › Smoke › dashboard page /movies loads ───────────────────

    Error: browserType.launch: Executable doesn't exist at /Users/carter/media-tracker/.pw-browsers/chromium_headless_shell-1208/chrome-headless-shell-mac-x64/chrome-headless-shell
    ╔═════════════════════════════════════════════════════════════════════════╗
    ║ Looks like Playwright Test or Playwright was just installed or updated. ║
    ║ Please run the following command to download new browsers:              ║
    ║                                                                         ║
    ║     npx playwright install                                              ║
    ║                                                                         ║
    ║ <3 Playwright Team                                                      ║
    ╚═════════════════════════════════════════════════════════════════════════╝

    Retry #1 ───────────────────────────────────────────────────────────────────────────────────────

    Error: browserType.launch: Executable doesn't exist at /Users/carter/media-tracker/.pw-browsers/chromium_headless_shell-1208/chrome-headless-shell-mac-x64/chrome-headless-shell
    ╔═════════════════════════════════════════════════════════════════════════╗
    ║ Looks like Playwright Test or Playwright was just installed or updated. ║
    ║ Please run the following command to download new browsers:              ║
    ║                                                                         ║
    ║     npx playwright install                                              ║
    ║                                                                         ║
    ║ <3 Playwright Team                                                      ║
    ╚═════════════════════════════════════════════════════════════════════════╝

    attachment #1: trace (application/zip) ─────────────────────────────────────────────────────────
    test-results/smoke-Smoke-dashboard-page-movies-loads-chromium-retry1/trace.zip
    Usage:

        npx playwright show-trace test-results/smoke-Smoke-dashboard-page-movies-loads-chromium-retry1/trace.zip

    ────────────────────────────────────────────────────────────────────────────────────────────────

  35) [chromium] › e2e/smoke.spec.ts:22:9 › Smoke › dashboard page /series loads ───────────────────

    Error: browserType.launch: Executable doesn't exist at /Users/carter/media-tracker/.pw-browsers/chromium_headless_shell-1208/chrome-headless-shell-mac-x64/chrome-headless-shell
    ╔═════════════════════════════════════════════════════════════════════════╗
    ║ Looks like Playwright Test or Playwright was just installed or updated. ║
    ║ Please run the following command to download new browsers:              ║
    ║                                                                         ║
    ║     npx playwright install                                              ║
    ║                                                                         ║
    ║ <3 Playwright Team                                                      ║
    ╚═════════════════════════════════════════════════════════════════════════╝

    Retry #1 ───────────────────────────────────────────────────────────────────────────────────────

    Error: browserType.launch: Executable doesn't exist at /Users/carter/media-tracker/.pw-browsers/chromium_headless_shell-1208/chrome-headless-shell-mac-x64/chrome-headless-shell
    ╔═════════════════════════════════════════════════════════════════════════╗
    ║ Looks like Playwright Test or Playwright was just installed or updated. ║
    ║ Please run the following command to download new browsers:              ║
    ║                                                                         ║
    ║     npx playwright install                                              ║
    ║                                                                         ║
    ║ <3 Playwright Team                                                      ║
    ╚═════════════════════════════════════════════════════════════════════════╝

    attachment #1: trace (application/zip) ─────────────────────────────────────────────────────────
    test-results/smoke-Smoke-dashboard-page-series-loads-chromium-retry1/trace.zip
    Usage:

        npx playwright show-trace test-results/smoke-Smoke-dashboard-page-series-loads-chromium-retry1/trace.zip

    ────────────────────────────────────────────────────────────────────────────────────────────────

  36) [chromium] › e2e/smoke.spec.ts:22:9 › Smoke › dashboard page /watching loads ─────────────────

    Error: browserType.launch: Executable doesn't exist at /Users/carter/media-tracker/.pw-browsers/chromium_headless_shell-1208/chrome-headless-shell-mac-x64/chrome-headless-shell
    ╔═════════════════════════════════════════════════════════════════════════╗
    ║ Looks like Playwright Test or Playwright was just installed or updated. ║
    ║ Please run the following command to download new browsers:              ║
    ║                                                                         ║
    ║     npx playwright install                                              ║
    ║                                                                         ║
    ║ <3 Playwright Team                                                      ║
    ╚═════════════════════════════════════════════════════════════════════════╝

    Retry #1 ───────────────────────────────────────────────────────────────────────────────────────

    Error: browserType.launch: Executable doesn't exist at /Users/carter/media-tracker/.pw-browsers/chromium_headless_shell-1208/chrome-headless-shell-mac-x64/chrome-headless-shell
    ╔═════════════════════════════════════════════════════════════════════════╗
    ║ Looks like Playwright Test or Playwright was just installed or updated. ║
    ║ Please run the following command to download new browsers:              ║
    ║                                                                         ║
    ║     npx playwright install                                              ║
    ║                                                                         ║
    ║ <3 Playwright Team                                                      ║
    ╚═════════════════════════════════════════════════════════════════════════╝

    attachment #1: trace (application/zip) ─────────────────────────────────────────────────────────
    test-results/smoke-Smoke-dashboard-page-watching-loads-chromium-retry1/trace.zip
    Usage:

        npx playwright show-trace test-results/smoke-Smoke-dashboard-page-watching-loads-chromium-retry1/trace.zip

    ────────────────────────────────────────────────────────────────────────────────────────────────

  37) [chromium] › e2e/smoke.spec.ts:22:9 › Smoke › dashboard page /plex loads ─────────────────────

    Error: browserType.launch: Executable doesn't exist at /Users/carter/media-tracker/.pw-browsers/chromium_headless_shell-1208/chrome-headless-shell-mac-x64/chrome-headless-shell
    ╔═════════════════════════════════════════════════════════════════════════╗
    ║ Looks like Playwright Test or Playwright was just installed or updated. ║
    ║ Please run the following command to download new browsers:              ║
    ║                                                                         ║
    ║     npx playwright install                                              ║
    ║                                                                         ║
    ║ <3 Playwright Team                                                      ║
    ╚═════════════════════════════════════════════════════════════════════════╝

    Retry #1 ───────────────────────────────────────────────────────────────────────────────────────

    Error: browserType.launch: Executable doesn't exist at /Users/carter/media-tracker/.pw-browsers/chromium_headless_shell-1208/chrome-headless-shell-mac-x64/chrome-headless-shell
    ╔═════════════════════════════════════════════════════════════════════════╗
    ║ Looks like Playwright Test or Playwright was just installed or updated. ║
    ║ Please run the following command to download new browsers:              ║
    ║                                                                         ║
    ║     npx playwright install                                              ║
    ║                                                                         ║
    ║ <3 Playwright Team                                                      ║
    ╚═════════════════════════════════════════════════════════════════════════╝

    attachment #1: trace (application/zip) ─────────────────────────────────────────────────────────
    test-results/smoke-Smoke-dashboard-page-plex-loads-chromium-retry1/trace.zip
    Usage:

        npx playwright show-trace test-results/smoke-Smoke-dashboard-page-plex-loads-chromium-retry1/trace.zip

    ────────────────────────────────────────────────────────────────────────────────────────────────

  38) [chromium] › e2e/smoke.spec.ts:22:9 › Smoke › dashboard page /settings loads ─────────────────

    Error: browserType.launch: Executable doesn't exist at /Users/carter/media-tracker/.pw-browsers/chromium_headless_shell-1208/chrome-headless-shell-mac-x64/chrome-headless-shell
    ╔═════════════════════════════════════════════════════════════════════════╗
    ║ Looks like Playwright Test or Playwright was just installed or updated. ║
    ║ Please run the following command to download new browsers:              ║
    ║                                                                         ║
    ║     npx playwright install                                              ║
    ║                                                                         ║
    ║ <3 Playwright Team                                                      ║
    ╚═════════════════════════════════════════════════════════════════════════╝

    Retry #1 ───────────────────────────────────────────────────────────────────────────────────────

    Error: browserType.launch: Executable doesn't exist at /Users/carter/media-tracker/.pw-browsers/chromium_headless_shell-1208/chrome-headless-shell-mac-x64/chrome-headless-shell
    ╔═════════════════════════════════════════════════════════════════════════╗
    ║ Looks like Playwright Test or Playwright was just installed or updated. ║
    ║ Please run the following command to download new browsers:              ║
    ║                                                                         ║
    ║     npx playwright install                                              ║
    ║                                                                         ║
    ║ <3 Playwright Team                                                      ║
    ╚═════════════════════════════════════════════════════════════════════════╝

    attachment #1: trace (application/zip) ─────────────────────────────────────────────────────────
    test-results/smoke-Smoke-dashboard-page-settings-loads-chromium-retry1/trace.zip
    Usage:

        npx playwright show-trace test-results/smoke-Smoke-dashboard-page-settings-loads-chromium-retry1/trace.zip

    ────────────────────────────────────────────────────────────────────────────────────────────────

  38 failed
    [chromium] › e2e/discover.spec.ts:56:7 › Discover: browse tab › Browse tab is active on load and shows category buttons 
    [chromium] › e2e/discover.spec.ts:62:7 › Discover: browse tab › Popular category loads movie/TV cards (TMDB required) 
    [chromium] › e2e/discover.spec.ts:69:7 › Discover: browse tab › Switching to Trending category loads content (TMDB required) 
    [chromium] › e2e/discover.spec.ts:79:7 › Discover: browse tab › Switching to Top Rated category loads content (TMDB required) 
    [chromium] › e2e/discover.spec.ts:99:7 › Discover: search tab › Clicking Search tab shows the search input 
    [chromium] › e2e/discover.spec.ts:104:7 › Discover: search tab › Search mode tabs: Movies & TV | Actor | IMDb are visible 
    [chromium] › e2e/discover.spec.ts:111:7 › Discover: search tab › Title search returns results for 'Inception' (TMDB required) 
    [chromium] › e2e/discover.spec.ts:121:7 › Discover: search tab › No-results state shown for obscure query (TMDB required) 
    [chromium] › e2e/discover.spec.ts:131:7 › Discover: search tab › Actor search: typing shows an actor select (TMDB required) 
    [chromium] › e2e/discover.spec.ts:157:7 › Discover: add from search results (TMDB required) › Search → Add to list → QuickSetup → Save & Continue → item in library 
    [chromium] › e2e/discover.spec.ts:196:7 › Discover: add from search results (TMDB required) › Added item shows 'In collection' badge on second visit 
    [chromium] › e2e/discover.spec.ts:233:7 › Discover: add from browse grid (TMDB required) › Click a card in browse grid → QuickSetup → item saved (TMDB required) 
    [chromium] › e2e/discover.spec.ts:295:7 › Discover: IMDb lookup (TMDB required) › IMDb ID lookup opens QuickSetup modal 
    [chromium] › e2e/library.spec.ts:102:7 › Library: page routing › /all shows both movie and TV ──
    [chromium] › e2e/library.spec.ts:111:7 › Library: page routing › /movies shows movie but not TV 
    [chromium] › e2e/library.spec.ts:119:7 › Library: page routing › /series shows TV but not movie 
    [chromium] › e2e/library.spec.ts:150:7 › Library: status filters › 'All' filter shows both items 
    [chromium] › e2e/library.spec.ts:158:7 › Library: status filters › 'Unwatched' filter shows only yet_to_start movie 
    [chromium] › e2e/library.spec.ts:170:7 › Library: status filters › 'In progress' filter shows only in_progress TV 
    [chromium] › e2e/library.spec.ts:200:7 › Library: edit item via detail modal › changing status to 'Finished' persists after save 
    [chromium] › e2e/library.spec.ts:223:7 › Library: edit item via detail modal › updating streaming service persists after save 
    [chromium] › e2e/library.spec.ts:245:7 › Library: edit item via detail modal › changing viewer to 'Me' persists after save 
    [chromium] › e2e/library.spec.ts:267:7 › Library: edit item via detail modal › Cancel button closes modal without saving 
    [chromium] › e2e/library.spec.ts:306:7 › Library: delete item from modal › Remove button deletes item from library 
    [chromium] › e2e/library.spec.ts:334:7 › Settings page › Settings page renders section headings and Plex link 
    [chromium] › e2e/library.spec.ts:342:7 › Settings page › Settings links to /plex ───────────────
    [chromium] › e2e/library.spec.ts:348:7 › Settings page › Theme swatches are clickable ──────────
    [chromium] › e2e/library.spec.ts:355:7 › Settings page › Sync seasons button is present and clickable 
    [chromium] › e2e/library.spec.ts:381:7 › Watching page › /watching shows in_progress TV show ───
    [chromium] › e2e/library.spec.ts:387:7 › Watching page › /watching carousel renders for in_progress TV 
    [chromium] › e2e/smoke.spec.ts:16:7 › Smoke › root redirects to discover ───────────────────────
    [chromium] › e2e/smoke.spec.ts:22:9 › Smoke › dashboard page /discover loads ───────────────────
    [chromium] › e2e/smoke.spec.ts:22:9 › Smoke › dashboard page /all loads ────────────────────────
    [chromium] › e2e/smoke.spec.ts:22:9 › Smoke › dashboard page /movies loads ─────────────────────
    [chromium] › e2e/smoke.spec.ts:22:9 › Smoke › dashboard page /series loads ─────────────────────
    [chromium] › e2e/smoke.spec.ts:22:9 › Smoke › dashboard page /watching loads ───────────────────
    [chromium] › e2e/smoke.spec.ts:22:9 › Smoke › dashboard page /plex loads ───────────────────────
    [chromium] › e2e/smoke.spec.ts:22:9 › Smoke › dashboard page /settings loads ───────────────────
  28 passed (2.2m)
::error file=e2e/discover.spec.ts,title=[chromium] › e2e/discover.spec.ts:56:7 › Discover: browse tab › Browse tab is active on load and shows category buttons::  1) [chromium] › e2e/discover.spec.ts:56:7 › Discover: browse tab › Browse tab is active on load and shows category buttons %0A    Error: browserType.launch: Executable doesn't exist at /Users/carter/media-tracker/.pw-browsers/chromium_headless_shell-1208/chrome-headless-shell-mac-x64/chrome-headless-shell%0A    ╔═════════════════════════════════════════════════════════════════════════╗%0A    ║ Looks like Playwright Test or Playwright was just installed or updated. ║%0A    ║ Please run the following command to download new browsers:              ║%0A    ║                                                                         ║%0A    ║     npx playwright install                                              ║%0A    ║                                                                         ║%0A    ║ <3 Playwright Team                                                      ║%0A    ╚═════════════════════════════════════════════════════════════════════════╝
::error file=e2e/discover.spec.ts,title=[chromium] › e2e/discover.spec.ts:56:7 › Discover: browse tab › Browse tab is active on load and shows category buttons::  1) [chromium] › e2e/discover.spec.ts:56:7 › Discover: browse tab › Browse tab is active on load and shows category buttons %0A%0A    Retry #1 ───────────────────────────────────────────────────────────────────────────────────────%0A    Error: browserType.launch: Executable doesn't exist at /Users/carter/media-tracker/.pw-browsers/chromium_headless_shell-1208/chrome-headless-shell-mac-x64/chrome-headless-shell%0A    ╔═════════════════════════════════════════════════════════════════════════╗%0A    ║ Looks like Playwright Test or Playwright was just installed or updated. ║%0A    ║ Please run the following command to download new browsers:              ║%0A    ║                                                                         ║%0A    ║     npx playwright install                                              ║%0A    ║                                                                         ║%0A    ║ <3 Playwright Team                                                      ║%0A    ╚═════════════════════════════════════════════════════════════════════════╝
::error file=e2e/discover.spec.ts,title=[chromium] › e2e/discover.spec.ts:62:7 › Discover: browse tab › Popular category loads movie/TV cards (TMDB required)::  2) [chromium] › e2e/discover.spec.ts:62:7 › Discover: browse tab › Popular category loads movie/TV cards (TMDB required) %0A    Error: browserType.launch: Executable doesn't exist at /Users/carter/media-tracker/.pw-browsers/chromium_headless_shell-1208/chrome-headless-shell-mac-x64/chrome-headless-shell%0A    ╔═════════════════════════════════════════════════════════════════════════╗%0A    ║ Looks like Playwright Test or Playwright was just installed or updated. ║%0A    ║ Please run the following command to download new browsers:              ║%0A    ║                                                                         ║%0A    ║     npx playwright install                                              ║%0A    ║                                                                         ║%0A    ║ <3 Playwright Team                                                      ║%0A    ╚═════════════════════════════════════════════════════════════════════════╝
::error file=e2e/discover.spec.ts,title=[chromium] › e2e/discover.spec.ts:62:7 › Discover: browse tab › Popular category loads movie/TV cards (TMDB required)::  2) [chromium] › e2e/discover.spec.ts:62:7 › Discover: browse tab › Popular category loads movie/TV cards (TMDB required) %0A%0A    Retry #1 ───────────────────────────────────────────────────────────────────────────────────────%0A    Error: browserType.launch: Executable doesn't exist at /Users/carter/media-tracker/.pw-browsers/chromium_headless_shell-1208/chrome-headless-shell-mac-x64/chrome-headless-shell%0A    ╔═════════════════════════════════════════════════════════════════════════╗%0A    ║ Looks like Playwright Test or Playwright was just installed or updated. ║%0A    ║ Please run the following command to download new browsers:              ║%0A    ║                                                                         ║%0A    ║     npx playwright install                                              ║%0A    ║                                                                         ║%0A    ║ <3 Playwright Team                                                      ║%0A    ╚═════════════════════════════════════════════════════════════════════════╝
::error file=e2e/discover.spec.ts,title=[chromium] › e2e/discover.spec.ts:69:7 › Discover: browse tab › Switching to Trending category loads content (TMDB required)::  3) [chromium] › e2e/discover.spec.ts:69:7 › Discover: browse tab › Switching to Trending category loads content (TMDB required) %0A    Error: browserType.launch: Executable doesn't exist at /Users/carter/media-tracker/.pw-browsers/chromium_headless_shell-1208/chrome-headless-shell-mac-x64/chrome-headless-shell%0A    ╔═════════════════════════════════════════════════════════════════════════╗%0A    ║ Looks like Playwright Test or Playwright was just installed or updated. ║%0A    ║ Please run the following command to download new browsers:              ║%0A    ║                                                                         ║%0A    ║     npx playwright install                                              ║%0A    ║                                                                         ║%0A    ║ <3 Playwright Team                                                      ║%0A    ╚═════════════════════════════════════════════════════════════════════════╝
::error file=e2e/discover.spec.ts,title=[chromium] › e2e/discover.spec.ts:69:7 › Discover: browse tab › Switching to Trending category loads content (TMDB required)::  3) [chromium] › e2e/discover.spec.ts:69:7 › Discover: browse tab › Switching to Trending category loads content (TMDB required) %0A%0A    Retry #1 ───────────────────────────────────────────────────────────────────────────────────────%0A    Error: browserType.launch: Executable doesn't exist at /Users/carter/media-tracker/.pw-browsers/chromium_headless_shell-1208/chrome-headless-shell-mac-x64/chrome-headless-shell%0A    ╔═════════════════════════════════════════════════════════════════════════╗%0A    ║ Looks like Playwright Test or Playwright was just installed or updated. ║%0A    ║ Please run the following command to download new browsers:              ║%0A    ║                                                                         ║%0A    ║     npx playwright install                                              ║%0A    ║                                                                         ║%0A    ║ <3 Playwright Team                                                      ║%0A    ╚═════════════════════════════════════════════════════════════════════════╝
::error file=e2e/discover.spec.ts,title=[chromium] › e2e/discover.spec.ts:79:7 › Discover: browse tab › Switching to Top Rated category loads content (TMDB required)::  4) [chromium] › e2e/discover.spec.ts:79:7 › Discover: browse tab › Switching to Top Rated category loads content (TMDB required) %0A    Error: browserType.launch: Executable doesn't exist at /Users/carter/media-tracker/.pw-browsers/chromium_headless_shell-1208/chrome-headless-shell-mac-x64/chrome-headless-shell%0A    ╔═════════════════════════════════════════════════════════════════════════╗%0A    ║ Looks like Playwright Test or Playwright was just installed or updated. ║%0A    ║ Please run the following command to download new browsers:              ║%0A    ║                                                                         ║%0A    ║     npx playwright install                                              ║%0A    ║                                                                         ║%0A    ║ <3 Playwright Team                                                      ║%0A    ╚═════════════════════════════════════════════════════════════════════════╝
::error file=e2e/discover.spec.ts,title=[chromium] › e2e/discover.spec.ts:79:7 › Discover: browse tab › Switching to Top Rated category loads content (TMDB required)::  4) [chromium] › e2e/discover.spec.ts:79:7 › Discover: browse tab › Switching to Top Rated category loads content (TMDB required) %0A%0A    Retry #1 ───────────────────────────────────────────────────────────────────────────────────────%0A    Error: browserType.launch: Executable doesn't exist at /Users/carter/media-tracker/.pw-browsers/chromium_headless_shell-1208/chrome-headless-shell-mac-x64/chrome-headless-shell%0A    ╔═════════════════════════════════════════════════════════════════════════╗%0A    ║ Looks like Playwright Test or Playwright was just installed or updated. ║%0A    ║ Please run the following command to download new browsers:              ║%0A    ║                                                                         ║%0A    ║     npx playwright install                                              ║%0A    ║                                                                         ║%0A    ║ <3 Playwright Team                                                      ║%0A    ╚═════════════════════════════════════════════════════════════════════════╝
::error file=e2e/discover.spec.ts,title=[chromium] › e2e/discover.spec.ts:99:7 › Discover: search tab › Clicking Search tab shows the search input::  5) [chromium] › e2e/discover.spec.ts:99:7 › Discover: search tab › Clicking Search tab shows the search input %0A    Error: browserType.launch: Executable doesn't exist at /Users/carter/media-tracker/.pw-browsers/chromium_headless_shell-1208/chrome-headless-shell-mac-x64/chrome-headless-shell%0A    ╔═════════════════════════════════════════════════════════════════════════╗%0A    ║ Looks like Playwright Test or Playwright was just installed or updated. ║%0A    ║ Please run the following command to download new browsers:              ║%0A    ║                                                                         ║%0A    ║     npx playwright install                                              ║%0A    ║                                                                         ║%0A    ║ <3 Playwright Team                                                      ║%0A    ╚═════════════════════════════════════════════════════════════════════════╝
::error file=e2e/discover.spec.ts,title=[chromium] › e2e/discover.spec.ts:99:7 › Discover: search tab › Clicking Search tab shows the search input::  5) [chromium] › e2e/discover.spec.ts:99:7 › Discover: search tab › Clicking Search tab shows the search input %0A%0A    Retry #1 ───────────────────────────────────────────────────────────────────────────────────────%0A    Error: browserType.launch: Executable doesn't exist at /Users/carter/media-tracker/.pw-browsers/chromium_headless_shell-1208/chrome-headless-shell-mac-x64/chrome-headless-shell%0A    ╔═════════════════════════════════════════════════════════════════════════╗%0A    ║ Looks like Playwright Test or Playwright was just installed or updated. ║%0A    ║ Please run the following command to download new browsers:              ║%0A    ║                                                                         ║%0A    ║     npx playwright install                                              ║%0A    ║                                                                         ║%0A    ║ <3 Playwright Team                                                      ║%0A    ╚═════════════════════════════════════════════════════════════════════════╝
::error file=e2e/discover.spec.ts,title=[chromium] › e2e/discover.spec.ts:104:7 › Discover: search tab › Search mode tabs: Movies & TV | Actor | IMDb are visible::  6) [chromium] › e2e/discover.spec.ts:104:7 › Discover: search tab › Search mode tabs: Movies & TV | Actor | IMDb are visible %0A    Error: browserType.launch: Executable doesn't exist at /Users/carter/media-tracker/.pw-browsers/chromium_headless_shell-1208/chrome-headless-shell-mac-x64/chrome-headless-shell%0A    ╔═════════════════════════════════════════════════════════════════════════╗%0A    ║ Looks like Playwright Test or Playwright was just installed or updated. ║%0A    ║ Please run the following command to download new browsers:              ║%0A    ║                                                                         ║%0A    ║     npx playwright install                                              ║%0A    ║                                                                         ║%0A    ║ <3 Playwright Team                                                      ║%0A    ╚═════════════════════════════════════════════════════════════════════════╝
::error file=e2e/discover.spec.ts,title=[chromium] › e2e/discover.spec.ts:104:7 › Discover: search tab › Search mode tabs: Movies & TV | Actor | IMDb are visible::  6) [chromium] › e2e/discover.spec.ts:104:7 › Discover: search tab › Search mode tabs: Movies & TV | Actor | IMDb are visible %0A%0A    Retry #1 ───────────────────────────────────────────────────────────────────────────────────────%0A    Error: browserType.launch: Executable doesn't exist at /Users/carter/media-tracker/.pw-browsers/chromium_headless_shell-1208/chrome-headless-shell-mac-x64/chrome-headless-shell%0A    ╔═════════════════════════════════════════════════════════════════════════╗%0A    ║ Looks like Playwright Test or Playwright was just installed or updated. ║%0A    ║ Please run the following command to download new browsers:              ║%0A    ║                                                                         ║%0A    ║     npx playwright install                                              ║%0A    ║                                                                         ║%0A    ║ <3 Playwright Team                                                      ║%0A    ╚═════════════════════════════════════════════════════════════════════════╝
::error file=e2e/discover.spec.ts,title=[chromium] › e2e/discover.spec.ts:111:7 › Discover: search tab › Title search returns results for 'Inception' (TMDB required)::  7) [chromium] › e2e/discover.spec.ts:111:7 › Discover: search tab › Title search returns results for 'Inception' (TMDB required) %0A    Error: browserType.launch: Executable doesn't exist at /Users/carter/media-tracker/.pw-browsers/chromium_headless_shell-1208/chrome-headless-shell-mac-x64/chrome-headless-shell%0A    ╔═════════════════════════════════════════════════════════════════════════╗%0A    ║ Looks like Playwright Test or Playwright was just installed or updated. ║%0A    ║ Please run the following command to download new browsers:              ║%0A    ║                                                                         ║%0A    ║     npx playwright install                                              ║%0A    ║                                                                         ║%0A    ║ <3 Playwright Team                                                      ║%0A    ╚═════════════════════════════════════════════════════════════════════════╝
::error file=e2e/discover.spec.ts,title=[chromium] › e2e/discover.spec.ts:111:7 › Discover: search tab › Title search returns results for 'Inception' (TMDB required)::  7) [chromium] › e2e/discover.spec.ts:111:7 › Discover: search tab › Title search returns results for 'Inception' (TMDB required) %0A%0A    Retry #1 ───────────────────────────────────────────────────────────────────────────────────────%0A    Error: browserType.launch: Executable doesn't exist at /Users/carter/media-tracker/.pw-browsers/chromium_headless_shell-1208/chrome-headless-shell-mac-x64/chrome-headless-shell%0A    ╔═════════════════════════════════════════════════════════════════════════╗%0A    ║ Looks like Playwright Test or Playwright was just installed or updated. ║%0A    ║ Please run the following command to download new browsers:              ║%0A    ║                                                                         ║%0A    ║     npx playwright install                                              ║%0A    ║                                                                         ║%0A    ║ <3 Playwright Team                                                      ║%0A    ╚═════════════════════════════════════════════════════════════════════════╝
::error file=e2e/discover.spec.ts,title=[chromium] › e2e/discover.spec.ts:121:7 › Discover: search tab › No-results state shown for obscure query (TMDB required)::  8) [chromium] › e2e/discover.spec.ts:121:7 › Discover: search tab › No-results state shown for obscure query (TMDB required) %0A    Error: browserType.launch: Executable doesn't exist at /Users/carter/media-tracker/.pw-browsers/chromium_headless_shell-1208/chrome-headless-shell-mac-x64/chrome-headless-shell%0A    ╔═════════════════════════════════════════════════════════════════════════╗%0A    ║ Looks like Playwright Test or Playwright was just installed or updated. ║%0A    ║ Please run the following command to download new browsers:              ║%0A    ║                                                                         ║%0A    ║     npx playwright install                                              ║%0A    ║                                                                         ║%0A    ║ <3 Playwright Team                                                      ║%0A    ╚═════════════════════════════════════════════════════════════════════════╝
::error file=e2e/discover.spec.ts,title=[chromium] › e2e/discover.spec.ts:121:7 › Discover: search tab › No-results state shown for obscure query (TMDB required)::  8) [chromium] › e2e/discover.spec.ts:121:7 › Discover: search tab › No-results state shown for obscure query (TMDB required) %0A%0A    Retry #1 ───────────────────────────────────────────────────────────────────────────────────────%0A    Error: browserType.launch: Executable doesn't exist at /Users/carter/media-tracker/.pw-browsers/chromium_headless_shell-1208/chrome-headless-shell-mac-x64/chrome-headless-shell%0A    ╔═════════════════════════════════════════════════════════════════════════╗%0A    ║ Looks like Playwright Test or Playwright was just installed or updated. ║%0A    ║ Please run the following command to download new browsers:              ║%0A    ║                                                                         ║%0A    ║     npx playwright install                                              ║%0A    ║                                                                         ║%0A    ║ <3 Playwright Team                                                      ║%0A    ╚═════════════════════════════════════════════════════════════════════════╝
::error file=e2e/discover.spec.ts,title=[chromium] › e2e/discover.spec.ts:131:7 › Discover: search tab › Actor search: typing shows an actor select (TMDB required)::  9) [chromium] › e2e/discover.spec.ts:131:7 › Discover: search tab › Actor search: typing shows an actor select (TMDB required) %0A    Error: browserType.launch: Executable doesn't exist at /Users/carter/media-tracker/.pw-browsers/chromium_headless_shell-1208/chrome-headless-shell-mac-x64/chrome-headless-shell%0A    ╔═════════════════════════════════════════════════════════════════════════╗%0A    ║ Looks like Playwright Test or Playwright was just installed or updated. ║%0A    ║ Please run the following command to download new browsers:              ║%0A    ║                                                                         ║%0A    ║     npx playwright install                                              ║%0A    ║                                                                         ║%0A    ║ <3 Playwright Team                                                      ║%0A    ╚═════════════════════════════════════════════════════════════════════════╝
::error file=e2e/discover.spec.ts,title=[chromium] › e2e/discover.spec.ts:131:7 › Discover: search tab › Actor search: typing shows an actor select (TMDB required)::  9) [chromium] › e2e/discover.spec.ts:131:7 › Discover: search tab › Actor search: typing shows an actor select (TMDB required) %0A%0A    Retry #1 ───────────────────────────────────────────────────────────────────────────────────────%0A    Error: browserType.launch: Executable doesn't exist at /Users/carter/media-tracker/.pw-browsers/chromium_headless_shell-1208/chrome-headless-shell-mac-x64/chrome-headless-shell%0A    ╔═════════════════════════════════════════════════════════════════════════╗%0A    ║ Looks like Playwright Test or Playwright was just installed or updated. ║%0A    ║ Please run the following command to download new browsers:              ║%0A    ║                                                                         ║%0A    ║     npx playwright install                                              ║%0A    ║                                                                         ║%0A    ║ <3 Playwright Team                                                      ║%0A    ╚═════════════════════════════════════════════════════════════════════════╝
::error file=e2e/discover.spec.ts,title=[chromium] › e2e/discover.spec.ts:157:7 › Discover: add from search results (TMDB required) › Search → Add to list → QuickSetup → Save & Continue → item in library::  10) [chromium] › e2e/discover.spec.ts:157:7 › Discover: add from search results (TMDB required) › Search → Add to list → QuickSetup → Save & Continue → item in library %0A    Error: browserType.launch: Executable doesn't exist at /Users/carter/media-tracker/.pw-browsers/chromium_headless_shell-1208/chrome-headless-shell-mac-x64/chrome-headless-shell%0A    ╔═════════════════════════════════════════════════════════════════════════╗%0A    ║ Looks like Playwright Test or Playwright was just installed or updated. ║%0A    ║ Please run the following command to download new browsers:              ║%0A    ║                                                                         ║%0A    ║     npx playwright install                                              ║%0A    ║                                                                         ║%0A    ║ <3 Playwright Team                                                      ║%0A    ╚═════════════════════════════════════════════════════════════════════════╝
::error file=e2e/discover.spec.ts,title=[chromium] › e2e/discover.spec.ts:157:7 › Discover: add from search results (TMDB required) › Search → Add to list → QuickSetup → Save & Continue → item in library::  10) [chromium] › e2e/discover.spec.ts:157:7 › Discover: add from search results (TMDB required) › Search → Add to list → QuickSetup → Save & Continue → item in library %0A%0A    Retry #1 ───────────────────────────────────────────────────────────────────────────────────────%0A    Error: browserType.launch: Executable doesn't exist at /Users/carter/media-tracker/.pw-browsers/chromium_headless_shell-1208/chrome-headless-shell-mac-x64/chrome-headless-shell%0A    ╔═════════════════════════════════════════════════════════════════════════╗%0A    ║ Looks like Playwright Test or Playwright was just installed or updated. ║%0A    ║ Please run the following command to download new browsers:              ║%0A    ║                                                                         ║%0A    ║     npx playwright install                                              ║%0A    ║                                                                         ║%0A    ║ <3 Playwright Team                                                      ║%0A    ╚═════════════════════════════════════════════════════════════════════════╝
::error file=e2e/discover.spec.ts,title=[chromium] › e2e/discover.spec.ts:196:7 › Discover: add from search results (TMDB required) › Added item shows 'In collection' badge on second visit::  11) [chromium] › e2e/discover.spec.ts:196:7 › Discover: add from search results (TMDB required) › Added item shows 'In collection' badge on second visit %0A    Error: browserType.launch: Executable doesn't exist at /Users/carter/media-tracker/.pw-browsers/chromium_headless_shell-1208/chrome-headless-shell-mac-x64/chrome-headless-shell%0A    ╔═════════════════════════════════════════════════════════════════════════╗%0A    ║ Looks like Playwright Test or Playwright was just installed or updated. ║%0A    ║ Please run the following command to download new browsers:              ║%0A    ║                                                                         ║%0A    ║     npx playwright install                                              ║%0A    ║                                                                         ║%0A    ║ <3 Playwright Team                                                      ║%0A    ╚═════════════════════════════════════════════════════════════════════════╝
::error file=e2e/discover.spec.ts,title=[chromium] › e2e/discover.spec.ts:196:7 › Discover: add from search results (TMDB required) › Added item shows 'In collection' badge on second visit::  11) [chromium] › e2e/discover.spec.ts:196:7 › Discover: add from search results (TMDB required) › Added item shows 'In collection' badge on second visit %0A%0A    Retry #1 ───────────────────────────────────────────────────────────────────────────────────────%0A    Error: browserType.launch: Executable doesn't exist at /Users/carter/media-tracker/.pw-browsers/chromium_headless_shell-1208/chrome-headless-shell-mac-x64/chrome-headless-shell%0A    ╔═════════════════════════════════════════════════════════════════════════╗%0A    ║ Looks like Playwright Test or Playwright was just installed or updated. ║%0A    ║ Please run the following command to download new browsers:              ║%0A    ║                                                                         ║%0A    ║     npx playwright install                                              ║%0A    ║                                                                         ║%0A    ║ <3 Playwright Team                                                      ║%0A    ╚═════════════════════════════════════════════════════════════════════════╝
::error file=e2e/discover.spec.ts,title=[chromium] › e2e/discover.spec.ts:233:7 › Discover: add from browse grid (TMDB required) › Click a card in browse grid → QuickSetup → item saved (TMDB required)::  12) [chromium] › e2e/discover.spec.ts:233:7 › Discover: add from browse grid (TMDB required) › Click a card in browse grid → QuickSetup → item saved (TMDB required) %0A    Error: browserType.launch: Executable doesn't exist at /Users/carter/media-tracker/.pw-browsers/chromium_headless_shell-1208/chrome-headless-shell-mac-x64/chrome-headless-shell%0A    ╔═════════════════════════════════════════════════════════════════════════╗%0A    ║ Looks like Playwright Test or Playwright was just installed or updated. ║%0A    ║ Please run the following command to download new browsers:              ║%0A    ║                                                                         ║%0A    ║     npx playwright install                                              ║%0A    ║                                                                         ║%0A    ║ <3 Playwright Team                                                      ║%0A    ╚═════════════════════════════════════════════════════════════════════════╝
::error file=e2e/discover.spec.ts,title=[chromium] › e2e/discover.spec.ts:233:7 › Discover: add from browse grid (TMDB required) › Click a card in browse grid → QuickSetup → item saved (TMDB required)::  12) [chromium] › e2e/discover.spec.ts:233:7 › Discover: add from browse grid (TMDB required) › Click a card in browse grid → QuickSetup → item saved (TMDB required) %0A%0A    Retry #1 ───────────────────────────────────────────────────────────────────────────────────────%0A    Error: browserType.launch: Executable doesn't exist at /Users/carter/media-tracker/.pw-browsers/chromium_headless_shell-1208/chrome-headless-shell-mac-x64/chrome-headless-shell%0A    ╔═════════════════════════════════════════════════════════════════════════╗%0A    ║ Looks like Playwright Test or Playwright was just installed or updated. ║%0A    ║ Please run the following command to download new browsers:              ║%0A    ║                                                                         ║%0A    ║     npx playwright install                                              ║%0A    ║                                                                         ║%0A    ║ <3 Playwright Team                                                      ║%0A    ╚═════════════════════════════════════════════════════════════════════════╝
::error file=e2e/discover.spec.ts,title=[chromium] › e2e/discover.spec.ts:295:7 › Discover: IMDb lookup (TMDB required) › IMDb ID lookup opens QuickSetup modal::  13) [chromium] › e2e/discover.spec.ts:295:7 › Discover: IMDb lookup (TMDB required) › IMDb ID lookup opens QuickSetup modal %0A    Error: browserType.launch: Executable doesn't exist at /Users/carter/media-tracker/.pw-browsers/chromium_headless_shell-1208/chrome-headless-shell-mac-x64/chrome-headless-shell%0A    ╔═════════════════════════════════════════════════════════════════════════╗%0A    ║ Looks like Playwright Test or Playwright was just installed or updated. ║%0A    ║ Please run the following command to download new browsers:              ║%0A    ║                                                                         ║%0A    ║     npx playwright install                                              ║%0A    ║                                                                         ║%0A    ║ <3 Playwright Team                                                      ║%0A    ╚═════════════════════════════════════════════════════════════════════════╝
::error file=e2e/discover.spec.ts,title=[chromium] › e2e/discover.spec.ts:295:7 › Discover: IMDb lookup (TMDB required) › IMDb ID lookup opens QuickSetup modal::  13) [chromium] › e2e/discover.spec.ts:295:7 › Discover: IMDb lookup (TMDB required) › IMDb ID lookup opens QuickSetup modal %0A%0A    Retry #1 ───────────────────────────────────────────────────────────────────────────────────────%0A    Error: browserType.launch: Executable doesn't exist at /Users/carter/media-tracker/.pw-browsers/chromium_headless_shell-1208/chrome-headless-shell-mac-x64/chrome-headless-shell%0A    ╔═════════════════════════════════════════════════════════════════════════╗%0A    ║ Looks like Playwright Test or Playwright was just installed or updated. ║%0A    ║ Please run the following command to download new browsers:              ║%0A    ║                                                                         ║%0A    ║     npx playwright install                                              ║%0A    ║                                                                         ║%0A    ║ <3 Playwright Team                                                      ║%0A    ╚═════════════════════════════════════════════════════════════════════════╝
::error file=e2e/library.spec.ts,title=[chromium] › e2e/library.spec.ts:102:7 › Library: page routing › /all shows both movie and TV::  14) [chromium] › e2e/library.spec.ts:102:7 › Library: page routing › /all shows both movie and TV %0A    Error: browserType.launch: Executable doesn't exist at /Users/carter/media-tracker/.pw-browsers/chromium_headless_shell-1208/chrome-headless-shell-mac-x64/chrome-headless-shell%0A    ╔═════════════════════════════════════════════════════════════════════════╗%0A    ║ Looks like Playwright Test or Playwright was just installed or updated. ║%0A    ║ Please run the following command to download new browsers:              ║%0A    ║                                                                         ║%0A    ║     npx playwright install                                              ║%0A    ║                                                                         ║%0A    ║ <3 Playwright Team                                                      ║%0A    ╚═════════════════════════════════════════════════════════════════════════╝
::error file=e2e/library.spec.ts,title=[chromium] › e2e/library.spec.ts:102:7 › Library: page routing › /all shows both movie and TV::  14) [chromium] › e2e/library.spec.ts:102:7 › Library: page routing › /all shows both movie and TV %0A%0A    Retry #1 ───────────────────────────────────────────────────────────────────────────────────────%0A    Error: browserType.launch: Executable doesn't exist at /Users/carter/media-tracker/.pw-browsers/chromium_headless_shell-1208/chrome-headless-shell-mac-x64/chrome-headless-shell%0A    ╔═════════════════════════════════════════════════════════════════════════╗%0A    ║ Looks like Playwright Test or Playwright was just installed or updated. ║%0A    ║ Please run the following command to download new browsers:              ║%0A    ║                                                                         ║%0A    ║     npx playwright install                                              ║%0A    ║                                                                         ║%0A    ║ <3 Playwright Team                                                      ║%0A    ╚═════════════════════════════════════════════════════════════════════════╝
::error file=e2e/library.spec.ts,title=[chromium] › e2e/library.spec.ts:111:7 › Library: page routing › /movies shows movie but not TV::  15) [chromium] › e2e/library.spec.ts:111:7 › Library: page routing › /movies shows movie but not TV %0A    Error: browserType.launch: Executable doesn't exist at /Users/carter/media-tracker/.pw-browsers/chromium_headless_shell-1208/chrome-headless-shell-mac-x64/chrome-headless-shell%0A    ╔═════════════════════════════════════════════════════════════════════════╗%0A    ║ Looks like Playwright Test or Playwright was just installed or updated. ║%0A    ║ Please run the following command to download new browsers:              ║%0A    ║                                                                         ║%0A    ║     npx playwright install                                              ║%0A    ║                                                                         ║%0A    ║ <3 Playwright Team                                                      ║%0A    ╚═════════════════════════════════════════════════════════════════════════╝
::error file=e2e/library.spec.ts,title=[chromium] › e2e/library.spec.ts:111:7 › Library: page routing › /movies shows movie but not TV::  15) [chromium] › e2e/library.spec.ts:111:7 › Library: page routing › /movies shows movie but not TV %0A%0A    Retry #1 ───────────────────────────────────────────────────────────────────────────────────────%0A    Error: browserType.launch: Executable doesn't exist at /Users/carter/media-tracker/.pw-browsers/chromium_headless_shell-1208/chrome-headless-shell-mac-x64/chrome-headless-shell%0A    ╔═════════════════════════════════════════════════════════════════════════╗%0A    ║ Looks like Playwright Test or Playwright was just installed or updated. ║%0A    ║ Please run the following command to download new browsers:              ║%0A    ║                                                                         ║%0A    ║     npx playwright install                                              ║%0A    ║                                                                         ║%0A    ║ <3 Playwright Team                                                      ║%0A    ╚═════════════════════════════════════════════════════════════════════════╝
::error file=e2e/library.spec.ts,title=[chromium] › e2e/library.spec.ts:119:7 › Library: page routing › /series shows TV but not movie::  16) [chromium] › e2e/library.spec.ts:119:7 › Library: page routing › /series shows TV but not movie %0A    Error: browserType.launch: Executable doesn't exist at /Users/carter/media-tracker/.pw-browsers/chromium_headless_shell-1208/chrome-headless-shell-mac-x64/chrome-headless-shell%0A    ╔═════════════════════════════════════════════════════════════════════════╗%0A    ║ Looks like Playwright Test or Playwright was just installed or updated. ║%0A    ║ Please run the following command to download new browsers:              ║%0A    ║                                                                         ║%0A    ║     npx playwright install                                              ║%0A    ║                                                                         ║%0A    ║ <3 Playwright Team                                                      ║%0A    ╚═════════════════════════════════════════════════════════════════════════╝
::error file=e2e/library.spec.ts,title=[chromium] › e2e/library.spec.ts:119:7 › Library: page routing › /series shows TV but not movie::  16) [chromium] › e2e/library.spec.ts:119:7 › Library: page routing › /series shows TV but not movie %0A%0A    Retry #1 ───────────────────────────────────────────────────────────────────────────────────────%0A    Error: browserType.launch: Executable doesn't exist at /Users/carter/media-tracker/.pw-browsers/chromium_headless_shell-1208/chrome-headless-shell-mac-x64/chrome-headless-shell%0A    ╔═════════════════════════════════════════════════════════════════════════╗%0A    ║ Looks like Playwright Test or Playwright was just installed or updated. ║%0A    ║ Please run the following command to download new browsers:              ║%0A    ║                                                                         ║%0A    ║     npx playwright install                                              ║%0A    ║                                                                         ║%0A    ║ <3 Playwright Team                                                      ║%0A    ╚═════════════════════════════════════════════════════════════════════════╝
::error file=e2e/library.spec.ts,title=[chromium] › e2e/library.spec.ts:150:7 › Library: status filters › 'All' filter shows both items::  17) [chromium] › e2e/library.spec.ts:150:7 › Library: status filters › 'All' filter shows both items %0A    Error: browserType.launch: Executable doesn't exist at /Users/carter/media-tracker/.pw-browsers/chromium_headless_shell-1208/chrome-headless-shell-mac-x64/chrome-headless-shell%0A    ╔═════════════════════════════════════════════════════════════════════════╗%0A    ║ Looks like Playwright Test or Playwright was just installed or updated. ║%0A    ║ Please run the following command to download new browsers:              ║%0A    ║                                                                         ║%0A    ║     npx playwright install                                              ║%0A    ║                                                                         ║%0A    ║ <3 Playwright Team                                                      ║%0A    ╚═════════════════════════════════════════════════════════════════════════╝
::error file=e2e/library.spec.ts,title=[chromium] › e2e/library.spec.ts:150:7 › Library: status filters › 'All' filter shows both items::  17) [chromium] › e2e/library.spec.ts:150:7 › Library: status filters › 'All' filter shows both items %0A%0A    Retry #1 ───────────────────────────────────────────────────────────────────────────────────────%0A    Error: browserType.launch: Executable doesn't exist at /Users/carter/media-tracker/.pw-browsers/chromium_headless_shell-1208/chrome-headless-shell-mac-x64/chrome-headless-shell%0A    ╔═════════════════════════════════════════════════════════════════════════╗%0A    ║ Looks like Playwright Test or Playwright was just installed or updated. ║%0A    ║ Please run the following command to download new browsers:              ║%0A    ║                                                                         ║%0A    ║     npx playwright install                                              ║%0A    ║                                                                         ║%0A    ║ <3 Playwright Team                                                      ║%0A    ╚═════════════════════════════════════════════════════════════════════════╝
::error file=e2e/library.spec.ts,title=[chromium] › e2e/library.spec.ts:158:7 › Library: status filters › 'Unwatched' filter shows only yet_to_start movie::  18) [chromium] › e2e/library.spec.ts:158:7 › Library: status filters › 'Unwatched' filter shows only yet_to_start movie %0A    Error: browserType.launch: Executable doesn't exist at /Users/carter/media-tracker/.pw-browsers/chromium_headless_shell-1208/chrome-headless-shell-mac-x64/chrome-headless-shell%0A    ╔═════════════════════════════════════════════════════════════════════════╗%0A    ║ Looks like Playwright Test or Playwright was just installed or updated. ║%0A    ║ Please run the following command to download new browsers:              ║%0A    ║                                                                         ║%0A    ║     npx playwright install                                              ║%0A    ║                                                                         ║%0A    ║ <3 Playwright Team                                                      ║%0A    ╚═════════════════════════════════════════════════════════════════════════╝
::error file=e2e/library.spec.ts,title=[chromium] › e2e/library.spec.ts:158:7 › Library: status filters › 'Unwatched' filter shows only yet_to_start movie::  18) [chromium] › e2e/library.spec.ts:158:7 › Library: status filters › 'Unwatched' filter shows only yet_to_start movie %0A%0A    Retry #1 ───────────────────────────────────────────────────────────────────────────────────────%0A    Error: browserType.launch: Executable doesn't exist at /Users/carter/media-tracker/.pw-browsers/chromium_headless_shell-1208/chrome-headless-shell-mac-x64/chrome-headless-shell%0A    ╔═════════════════════════════════════════════════════════════════════════╗%0A    ║ Looks like Playwright Test or Playwright was just installed or updated. ║%0A    ║ Please run the following command to download new browsers:              ║%0A    ║                                                                         ║%0A    ║     npx playwright install                                              ║%0A    ║                                                                         ║%0A    ║ <3 Playwright Team                                                      ║%0A    ╚═════════════════════════════════════════════════════════════════════════╝
::error file=e2e/library.spec.ts,title=[chromium] › e2e/library.spec.ts:170:7 › Library: status filters › 'In progress' filter shows only in_progress TV::  19) [chromium] › e2e/library.spec.ts:170:7 › Library: status filters › 'In progress' filter shows only in_progress TV %0A    Error: browserType.launch: Executable doesn't exist at /Users/carter/media-tracker/.pw-browsers/chromium_headless_shell-1208/chrome-headless-shell-mac-x64/chrome-headless-shell%0A    ╔═════════════════════════════════════════════════════════════════════════╗%0A    ║ Looks like Playwright Test or Playwright was just installed or updated. ║%0A    ║ Please run the following command to download new browsers:              ║%0A    ║                                                                         ║%0A    ║     npx playwright install                                              ║%0A    ║                                                                         ║%0A    ║ <3 Playwright Team                                                      ║%0A    ╚═════════════════════════════════════════════════════════════════════════╝
::error file=e2e/library.spec.ts,title=[chromium] › e2e/library.spec.ts:170:7 › Library: status filters › 'In progress' filter shows only in_progress TV::  19) [chromium] › e2e/library.spec.ts:170:7 › Library: status filters › 'In progress' filter shows only in_progress TV %0A%0A    Retry #1 ───────────────────────────────────────────────────────────────────────────────────────%0A    Error: browserType.launch: Executable doesn't exist at /Users/carter/media-tracker/.pw-browsers/chromium_headless_shell-1208/chrome-headless-shell-mac-x64/chrome-headless-shell%0A    ╔═════════════════════════════════════════════════════════════════════════╗%0A    ║ Looks like Playwright Test or Playwright was just installed or updated. ║%0A    ║ Please run the following command to download new browsers:              ║%0A    ║                                                                         ║%0A    ║     npx playwright install                                              ║%0A    ║                                                                         ║%0A    ║ <3 Playwright Team                                                      ║%0A    ╚═════════════════════════════════════════════════════════════════════════╝
::error file=e2e/library.spec.ts,title=[chromium] › e2e/library.spec.ts:200:7 › Library: edit item via detail modal › changing status to 'Finished' persists after save::  20) [chromium] › e2e/library.spec.ts:200:7 › Library: edit item via detail modal › changing status to 'Finished' persists after save %0A    Error: browserType.launch: Executable doesn't exist at /Users/carter/media-tracker/.pw-browsers/chromium_headless_shell-1208/chrome-headless-shell-mac-x64/chrome-headless-shell%0A    ╔═════════════════════════════════════════════════════════════════════════╗%0A    ║ Looks like Playwright Test or Playwright was just installed or updated. ║%0A    ║ Please run the following command to download new browsers:              ║%0A    ║                                                                         ║%0A    ║     npx playwright install                                              ║%0A    ║                                                                         ║%0A    ║ <3 Playwright Team                                                      ║%0A    ╚═════════════════════════════════════════════════════════════════════════╝
::error file=e2e/library.spec.ts,title=[chromium] › e2e/library.spec.ts:200:7 › Library: edit item via detail modal › changing status to 'Finished' persists after save::  20) [chromium] › e2e/library.spec.ts:200:7 › Library: edit item via detail modal › changing status to 'Finished' persists after save %0A%0A    Retry #1 ───────────────────────────────────────────────────────────────────────────────────────%0A    Error: browserType.launch: Executable doesn't exist at /Users/carter/media-tracker/.pw-browsers/chromium_headless_shell-1208/chrome-headless-shell-mac-x64/chrome-headless-shell%0A    ╔═════════════════════════════════════════════════════════════════════════╗%0A    ║ Looks like Playwright Test or Playwright was just installed or updated. ║%0A    ║ Please run the following command to download new browsers:              ║%0A    ║                                                                         ║%0A    ║     npx playwright install                                              ║%0A    ║                                                                         ║%0A    ║ <3 Playwright Team                                                      ║%0A    ╚═════════════════════════════════════════════════════════════════════════╝
::error file=e2e/library.spec.ts,title=[chromium] › e2e/library.spec.ts:223:7 › Library: edit item via detail modal › updating streaming service persists after save::  21) [chromium] › e2e/library.spec.ts:223:7 › Library: edit item via detail modal › updating streaming service persists after save %0A    Error: browserType.launch: Executable doesn't exist at /Users/carter/media-tracker/.pw-browsers/chromium_headless_shell-1208/chrome-headless-shell-mac-x64/chrome-headless-shell%0A    ╔═════════════════════════════════════════════════════════════════════════╗%0A    ║ Looks like Playwright Test or Playwright was just installed or updated. ║%0A    ║ Please run the following command to download new browsers:              ║%0A    ║                                                                         ║%0A    ║     npx playwright install                                              ║%0A    ║                                                                         ║%0A    ║ <3 Playwright Team                                                      ║%0A    ╚═════════════════════════════════════════════════════════════════════════╝
::error file=e2e/library.spec.ts,title=[chromium] › e2e/library.spec.ts:223:7 › Library: edit item via detail modal › updating streaming service persists after save::  21) [chromium] › e2e/library.spec.ts:223:7 › Library: edit item via detail modal › updating streaming service persists after save %0A%0A    Retry #1 ───────────────────────────────────────────────────────────────────────────────────────%0A    Error: browserType.launch: Executable doesn't exist at /Users/carter/media-tracker/.pw-browsers/chromium_headless_shell-1208/chrome-headless-shell-mac-x64/chrome-headless-shell%0A    ╔═════════════════════════════════════════════════════════════════════════╗%0A    ║ Looks like Playwright Test or Playwright was just installed or updated. ║%0A    ║ Please run the following command to download new browsers:              ║%0A    ║                                                                         ║%0A    ║     npx playwright install                                              ║%0A    ║                                                                         ║%0A    ║ <3 Playwright Team                                                      ║%0A    ╚═════════════════════════════════════════════════════════════════════════╝
::error file=e2e/library.spec.ts,title=[chromium] › e2e/library.spec.ts:245:7 › Library: edit item via detail modal › changing viewer to 'Me' persists after save::  22) [chromium] › e2e/library.spec.ts:245:7 › Library: edit item via detail modal › changing viewer to 'Me' persists after save %0A    Error: browserType.launch: Executable doesn't exist at /Users/carter/media-tracker/.pw-browsers/chromium_headless_shell-1208/chrome-headless-shell-mac-x64/chrome-headless-shell%0A    ╔═════════════════════════════════════════════════════════════════════════╗%0A    ║ Looks like Playwright Test or Playwright was just installed or updated. ║%0A    ║ Please run the following command to download new browsers:              ║%0A    ║                                                                         ║%0A    ║     npx playwright install                                              ║%0A    ║                                                                         ║%0A    ║ <3 Playwright Team                                                      ║%0A    ╚═════════════════════════════════════════════════════════════════════════╝
::error file=e2e/library.spec.ts,title=[chromium] › e2e/library.spec.ts:245:7 › Library: edit item via detail modal › changing viewer to 'Me' persists after save::  22) [chromium] › e2e/library.spec.ts:245:7 › Library: edit item via detail modal › changing viewer to 'Me' persists after save %0A%0A    Retry #1 ───────────────────────────────────────────────────────────────────────────────────────%0A    Error: browserType.launch: Executable doesn't exist at /Users/carter/media-tracker/.pw-browsers/chromium_headless_shell-1208/chrome-headless-shell-mac-x64/chrome-headless-shell%0A    ╔═════════════════════════════════════════════════════════════════════════╗%0A    ║ Looks like Playwright Test or Playwright was just installed or updated. ║%0A    ║ Please run the following command to download new browsers:              ║%0A    ║                                                                         ║%0A    ║     npx playwright install                                              ║%0A    ║                                                                         ║%0A    ║ <3 Playwright Team                                                      ║%0A    ╚═════════════════════════════════════════════════════════════════════════╝
::error file=e2e/library.spec.ts,title=[chromium] › e2e/library.spec.ts:267:7 › Library: edit item via detail modal › Cancel button closes modal without saving::  23) [chromium] › e2e/library.spec.ts:267:7 › Library: edit item via detail modal › Cancel button closes modal without saving %0A    Error: browserType.launch: Executable doesn't exist at /Users/carter/media-tracker/.pw-browsers/chromium_headless_shell-1208/chrome-headless-shell-mac-x64/chrome-headless-shell%0A    ╔═════════════════════════════════════════════════════════════════════════╗%0A    ║ Looks like Playwright Test or Playwright was just installed or updated. ║%0A    ║ Please run the following command to download new browsers:              ║%0A    ║                                                                         ║%0A    ║     npx playwright install                                              ║%0A    ║                                                                         ║%0A    ║ <3 Playwright Team                                                      ║%0A    ╚═════════════════════════════════════════════════════════════════════════╝
::error file=e2e/library.spec.ts,title=[chromium] › e2e/library.spec.ts:267:7 › Library: edit item via detail modal › Cancel button closes modal without saving::  23) [chromium] › e2e/library.spec.ts:267:7 › Library: edit item via detail modal › Cancel button closes modal without saving %0A%0A    Retry #1 ───────────────────────────────────────────────────────────────────────────────────────%0A    Error: browserType.launch: Executable doesn't exist at /Users/carter/media-tracker/.pw-browsers/chromium_headless_shell-1208/chrome-headless-shell-mac-x64/chrome-headless-shell%0A    ╔═════════════════════════════════════════════════════════════════════════╗%0A    ║ Looks like Playwright Test or Playwright was just installed or updated. ║%0A    ║ Please run the following command to download new browsers:              ║%0A    ║                                                                         ║%0A    ║     npx playwright install                                              ║%0A    ║                                                                         ║%0A    ║ <3 Playwright Team                                                      ║%0A    ╚═════════════════════════════════════════════════════════════════════════╝
::error file=e2e/library.spec.ts,title=[chromium] › e2e/library.spec.ts:306:7 › Library: delete item from modal › Remove button deletes item from library::  24) [chromium] › e2e/library.spec.ts:306:7 › Library: delete item from modal › Remove button deletes item from library %0A    Error: browserType.launch: Executable doesn't exist at /Users/carter/media-tracker/.pw-browsers/chromium_headless_shell-1208/chrome-headless-shell-mac-x64/chrome-headless-shell%0A    ╔═════════════════════════════════════════════════════════════════════════╗%0A    ║ Looks like Playwright Test or Playwright was just installed or updated. ║%0A    ║ Please run the following command to download new browsers:              ║%0A    ║                                                                         ║%0A    ║     npx playwright install                                              ║%0A    ║                                                                         ║%0A    ║ <3 Playwright Team                                                      ║%0A    ╚═════════════════════════════════════════════════════════════════════════╝
::error file=e2e/library.spec.ts,title=[chromium] › e2e/library.spec.ts:306:7 › Library: delete item from modal › Remove button deletes item from library::  24) [chromium] › e2e/library.spec.ts:306:7 › Library: delete item from modal › Remove button deletes item from library %0A%0A    Retry #1 ───────────────────────────────────────────────────────────────────────────────────────%0A    Error: browserType.launch: Executable doesn't exist at /Users/carter/media-tracker/.pw-browsers/chromium_headless_shell-1208/chrome-headless-shell-mac-x64/chrome-headless-shell%0A    ╔═════════════════════════════════════════════════════════════════════════╗%0A    ║ Looks like Playwright Test or Playwright was just installed or updated. ║%0A    ║ Please run the following command to download new browsers:              ║%0A    ║                                                                         ║%0A    ║     npx playwright install                                              ║%0A    ║                                                                         ║%0A    ║ <3 Playwright Team                                                      ║%0A    ╚═════════════════════════════════════════════════════════════════════════╝
::error file=e2e/library.spec.ts,title=[chromium] › e2e/library.spec.ts:334:7 › Settings page › Settings page renders section headings and Plex link::  25) [chromium] › e2e/library.spec.ts:334:7 › Settings page › Settings page renders section headings and Plex link %0A    Error: browserType.launch: Executable doesn't exist at /Users/carter/media-tracker/.pw-browsers/chromium_headless_shell-1208/chrome-headless-shell-mac-x64/chrome-headless-shell%0A    ╔═════════════════════════════════════════════════════════════════════════╗%0A    ║ Looks like Playwright Test or Playwright was just installed or updated. ║%0A    ║ Please run the following command to download new browsers:              ║%0A    ║                                                                         ║%0A    ║     npx playwright install                                              ║%0A    ║                                                                         ║%0A    ║ <3 Playwright Team                                                      ║%0A    ╚═════════════════════════════════════════════════════════════════════════╝
::error file=e2e/library.spec.ts,title=[chromium] › e2e/library.spec.ts:334:7 › Settings page › Settings page renders section headings and Plex link::  25) [chromium] › e2e/library.spec.ts:334:7 › Settings page › Settings page renders section headings and Plex link %0A%0A    Retry #1 ───────────────────────────────────────────────────────────────────────────────────────%0A    Error: browserType.launch: Executable doesn't exist at /Users/carter/media-tracker/.pw-browsers/chromium_headless_shell-1208/chrome-headless-shell-mac-x64/chrome-headless-shell%0A    ╔═════════════════════════════════════════════════════════════════════════╗%0A    ║ Looks like Playwright Test or Playwright was just installed or updated. ║%0A    ║ Please run the following command to download new browsers:              ║%0A    ║                                                                         ║%0A    ║     npx playwright install                                              ║%0A    ║                                                                         ║%0A    ║ <3 Playwright Team                                                      ║%0A    ╚═════════════════════════════════════════════════════════════════════════╝
::error file=e2e/library.spec.ts,title=[chromium] › e2e/library.spec.ts:342:7 › Settings page › Settings links to /plex::  26) [chromium] › e2e/library.spec.ts:342:7 › Settings page › Settings links to /plex ─────────────%0A    Error: browserType.launch: Executable doesn't exist at /Users/carter/media-tracker/.pw-browsers/chromium_headless_shell-1208/chrome-headless-shell-mac-x64/chrome-headless-shell%0A    ╔═════════════════════════════════════════════════════════════════════════╗%0A    ║ Looks like Playwright Test or Playwright was just installed or updated. ║%0A    ║ Please run the following command to download new browsers:              ║%0A    ║                                                                         ║%0A    ║     npx playwright install                                              ║%0A    ║                                                                         ║%0A    ║ <3 Playwright Team                                                      ║%0A    ╚═════════════════════════════════════════════════════════════════════════╝
::error file=e2e/library.spec.ts,title=[chromium] › e2e/library.spec.ts:342:7 › Settings page › Settings links to /plex::  26) [chromium] › e2e/library.spec.ts:342:7 › Settings page › Settings links to /plex ─────────────%0A%0A    Retry #1 ───────────────────────────────────────────────────────────────────────────────────────%0A    Error: browserType.launch: Executable doesn't exist at /Users/carter/media-tracker/.pw-browsers/chromium_headless_shell-1208/chrome-headless-shell-mac-x64/chrome-headless-shell%0A    ╔═════════════════════════════════════════════════════════════════════════╗%0A    ║ Looks like Playwright Test or Playwright was just installed or updated. ║%0A    ║ Please run the following command to download new browsers:              ║%0A    ║                                                                         ║%0A    ║     npx playwright install                                              ║%0A    ║                                                                         ║%0A    ║ <3 Playwright Team                                                      ║%0A    ╚═════════════════════════════════════════════════════════════════════════╝
::error file=e2e/library.spec.ts,title=[chromium] › e2e/library.spec.ts:348:7 › Settings page › Theme swatches are clickable::  27) [chromium] › e2e/library.spec.ts:348:7 › Settings page › Theme swatches are clickable ────────%0A    Error: browserType.launch: Executable doesn't exist at /Users/carter/media-tracker/.pw-browsers/chromium_headless_shell-1208/chrome-headless-shell-mac-x64/chrome-headless-shell%0A    ╔═════════════════════════════════════════════════════════════════════════╗%0A    ║ Looks like Playwright Test or Playwright was just installed or updated. ║%0A    ║ Please run the following command to download new browsers:              ║%0A    ║                                                                         ║%0A    ║     npx playwright install                                              ║%0A    ║                                                                         ║%0A    ║ <3 Playwright Team                                                      ║%0A    ╚═════════════════════════════════════════════════════════════════════════╝
::error file=e2e/library.spec.ts,title=[chromium] › e2e/library.spec.ts:348:7 › Settings page › Theme swatches are clickable::  27) [chromium] › e2e/library.spec.ts:348:7 › Settings page › Theme swatches are clickable ────────%0A%0A    Retry #1 ───────────────────────────────────────────────────────────────────────────────────────%0A    Error: browserType.launch: Executable doesn't exist at /Users/carter/media-tracker/.pw-browsers/chromium_headless_shell-1208/chrome-headless-shell-mac-x64/chrome-headless-shell%0A    ╔═════════════════════════════════════════════════════════════════════════╗%0A    ║ Looks like Playwright Test or Playwright was just installed or updated. ║%0A    ║ Please run the following command to download new browsers:              ║%0A    ║                                                                         ║%0A    ║     npx playwright install                                              ║%0A    ║                                                                         ║%0A    ║ <3 Playwright Team                                                      ║%0A    ╚═════════════════════════════════════════════════════════════════════════╝
::error file=e2e/library.spec.ts,title=[chromium] › e2e/library.spec.ts:355:7 › Settings page › Sync seasons button is present and clickable::  28) [chromium] › e2e/library.spec.ts:355:7 › Settings page › Sync seasons button is present and clickable %0A    Error: browserType.launch: Executable doesn't exist at /Users/carter/media-tracker/.pw-browsers/chromium_headless_shell-1208/chrome-headless-shell-mac-x64/chrome-headless-shell%0A    ╔═════════════════════════════════════════════════════════════════════════╗%0A    ║ Looks like Playwright Test or Playwright was just installed or updated. ║%0A    ║ Please run the following command to download new browsers:              ║%0A    ║                                                                         ║%0A    ║     npx playwright install                                              ║%0A    ║                                                                         ║%0A    ║ <3 Playwright Team                                                      ║%0A    ╚═════════════════════════════════════════════════════════════════════════╝
::error file=e2e/library.spec.ts,title=[chromium] › e2e/library.spec.ts:355:7 › Settings page › Sync seasons button is present and clickable::  28) [chromium] › e2e/library.spec.ts:355:7 › Settings page › Sync seasons button is present and clickable %0A%0A    Retry #1 ───────────────────────────────────────────────────────────────────────────────────────%0A    Error: browserType.launch: Executable doesn't exist at /Users/carter/media-tracker/.pw-browsers/chromium_headless_shell-1208/chrome-headless-shell-mac-x64/chrome-headless-shell%0A    ╔═════════════════════════════════════════════════════════════════════════╗%0A    ║ Looks like Playwright Test or Playwright was just installed or updated. ║%0A    ║ Please run the following command to download new browsers:              ║%0A    ║                                                                         ║%0A    ║     npx playwright install                                              ║%0A    ║                                                                         ║%0A    ║ <3 Playwright Team                                                      ║%0A    ╚═════════════════════════════════════════════════════════════════════════╝
::error file=e2e/library.spec.ts,title=[chromium] › e2e/library.spec.ts:381:7 › Watching page › /watching shows in_progress TV show::  29) [chromium] › e2e/library.spec.ts:381:7 › Watching page › /watching shows in_progress TV show ─%0A    Error: browserType.launch: Executable doesn't exist at /Users/carter/media-tracker/.pw-browsers/chromium_headless_shell-1208/chrome-headless-shell-mac-x64/chrome-headless-shell%0A    ╔═════════════════════════════════════════════════════════════════════════╗%0A    ║ Looks like Playwright Test or Playwright was just installed or updated. ║%0A    ║ Please run the following command to download new browsers:              ║%0A    ║                                                                         ║%0A    ║     npx playwright install                                              ║%0A    ║                                                                         ║%0A    ║ <3 Playwright Team                                                      ║%0A    ╚═════════════════════════════════════════════════════════════════════════╝
::error file=e2e/library.spec.ts,title=[chromium] › e2e/library.spec.ts:381:7 › Watching page › /watching shows in_progress TV show::  29) [chromium] › e2e/library.spec.ts:381:7 › Watching page › /watching shows in_progress TV show ─%0A%0A    Retry #1 ───────────────────────────────────────────────────────────────────────────────────────%0A    Error: browserType.launch: Executable doesn't exist at /Users/carter/media-tracker/.pw-browsers/chromium_headless_shell-1208/chrome-headless-shell-mac-x64/chrome-headless-shell%0A    ╔═════════════════════════════════════════════════════════════════════════╗%0A    ║ Looks like Playwright Test or Playwright was just installed or updated. ║%0A    ║ Please run the following command to download new browsers:              ║%0A    ║                                                                         ║%0A    ║     npx playwright install                                              ║%0A    ║                                                                         ║%0A    ║ <3 Playwright Team                                                      ║%0A    ╚═════════════════════════════════════════════════════════════════════════╝
::error file=e2e/library.spec.ts,title=[chromium] › e2e/library.spec.ts:387:7 › Watching page › /watching carousel renders for in_progress TV::  30) [chromium] › e2e/library.spec.ts:387:7 › Watching page › /watching carousel renders for in_progress TV %0A    Error: browserType.launch: Executable doesn't exist at /Users/carter/media-tracker/.pw-browsers/chromium_headless_shell-1208/chrome-headless-shell-mac-x64/chrome-headless-shell%0A    ╔═════════════════════════════════════════════════════════════════════════╗%0A    ║ Looks like Playwright Test or Playwright was just installed or updated. ║%0A    ║ Please run the following command to download new browsers:              ║%0A    ║                                                                         ║%0A    ║     npx playwright install                                              ║%0A    ║                                                                         ║%0A    ║ <3 Playwright Team                                                      ║%0A    ╚═════════════════════════════════════════════════════════════════════════╝
::error file=e2e/library.spec.ts,title=[chromium] › e2e/library.spec.ts:387:7 › Watching page › /watching carousel renders for in_progress TV::  30) [chromium] › e2e/library.spec.ts:387:7 › Watching page › /watching carousel renders for in_progress TV %0A%0A    Retry #1 ───────────────────────────────────────────────────────────────────────────────────────%0A    Error: browserType.launch: Executable doesn't exist at /Users/carter/media-tracker/.pw-browsers/chromium_headless_shell-1208/chrome-headless-shell-mac-x64/chrome-headless-shell%0A    ╔═════════════════════════════════════════════════════════════════════════╗%0A    ║ Looks like Playwright Test or Playwright was just installed or updated. ║%0A    ║ Please run the following command to download new browsers:              ║%0A    ║                                                                         ║%0A    ║     npx playwright install                                              ║%0A    ║                                                                         ║%0A    ║ <3 Playwright Team                                                      ║%0A    ╚═════════════════════════════════════════════════════════════════════════╝
::error file=e2e/smoke.spec.ts,title=[chromium] › e2e/smoke.spec.ts:16:7 › Smoke › root redirects to discover::  31) [chromium] › e2e/smoke.spec.ts:16:7 › Smoke › root redirects to discover ─────────────────────%0A    Error: browserType.launch: Executable doesn't exist at /Users/carter/media-tracker/.pw-browsers/chromium_headless_shell-1208/chrome-headless-shell-mac-x64/chrome-headless-shell%0A    ╔═════════════════════════════════════════════════════════════════════════╗%0A    ║ Looks like Playwright Test or Playwright was just installed or updated. ║%0A    ║ Please run the following command to download new browsers:              ║%0A    ║                                                                         ║%0A    ║     npx playwright install                                              ║%0A    ║                                                                         ║%0A    ║ <3 Playwright Team                                                      ║%0A    ╚═════════════════════════════════════════════════════════════════════════╝
::error file=e2e/smoke.spec.ts,title=[chromium] › e2e/smoke.spec.ts:16:7 › Smoke › root redirects to discover::  31) [chromium] › e2e/smoke.spec.ts:16:7 › Smoke › root redirects to discover ─────────────────────%0A%0A    Retry #1 ───────────────────────────────────────────────────────────────────────────────────────%0A    Error: browserType.launch: Executable doesn't exist at /Users/carter/media-tracker/.pw-browsers/chromium_headless_shell-1208/chrome-headless-shell-mac-x64/chrome-headless-shell%0A    ╔═════════════════════════════════════════════════════════════════════════╗%0A    ║ Looks like Playwright Test or Playwright was just installed or updated. ║%0A    ║ Please run the following command to download new browsers:              ║%0A    ║                                                                         ║%0A    ║     npx playwright install                                              ║%0A    ║                                                                         ║%0A    ║ <3 Playwright Team                                                      ║%0A    ╚═════════════════════════════════════════════════════════════════════════╝
::error file=e2e/smoke.spec.ts,title=[chromium] › e2e/smoke.spec.ts:22:9 › Smoke › dashboard page /discover loads::  32) [chromium] › e2e/smoke.spec.ts:22:9 › Smoke › dashboard page /discover loads ─────────────────%0A    Error: browserType.launch: Executable doesn't exist at /Users/carter/media-tracker/.pw-browsers/chromium_headless_shell-1208/chrome-headless-shell-mac-x64/chrome-headless-shell%0A    ╔═════════════════════════════════════════════════════════════════════════╗%0A    ║ Looks like Playwright Test or Playwright was just installed or updated. ║%0A    ║ Please run the following command to download new browsers:              ║%0A    ║                                                                         ║%0A    ║     npx playwright install                                              ║%0A    ║                                                                         ║%0A    ║ <3 Playwright Team                                                      ║%0A    ╚═════════════════════════════════════════════════════════════════════════╝
::error file=e2e/smoke.spec.ts,title=[chromium] › e2e/smoke.spec.ts:22:9 › Smoke › dashboard page /discover loads::  32) [chromium] › e2e/smoke.spec.ts:22:9 › Smoke › dashboard page /discover loads ─────────────────%0A%0A    Retry #1 ───────────────────────────────────────────────────────────────────────────────────────%0A    Error: browserType.launch: Executable doesn't exist at /Users/carter/media-tracker/.pw-browsers/chromium_headless_shell-1208/chrome-headless-shell-mac-x64/chrome-headless-shell%0A    ╔═════════════════════════════════════════════════════════════════════════╗%0A    ║ Looks like Playwright Test or Playwright was just installed or updated. ║%0A    ║ Please run the following command to download new browsers:              ║%0A    ║                                                                         ║%0A    ║     npx playwright install                                              ║%0A    ║                                                                         ║%0A    ║ <3 Playwright Team                                                      ║%0A    ╚═════════════════════════════════════════════════════════════════════════╝
::error file=e2e/smoke.spec.ts,title=[chromium] › e2e/smoke.spec.ts:22:9 › Smoke › dashboard page /all loads::  33) [chromium] › e2e/smoke.spec.ts:22:9 › Smoke › dashboard page /all loads ──────────────────────%0A    Error: browserType.launch: Executable doesn't exist at /Users/carter/media-tracker/.pw-browsers/chromium_headless_shell-1208/chrome-headless-shell-mac-x64/chrome-headless-shell%0A    ╔═════════════════════════════════════════════════════════════════════════╗%0A    ║ Looks like Playwright Test or Playwright was just installed or updated. ║%0A    ║ Please run the following command to download new browsers:              ║%0A    ║                                                                         ║%0A    ║     npx playwright install                                              ║%0A    ║                                                                         ║%0A    ║ <3 Playwright Team                                                      ║%0A    ╚═════════════════════════════════════════════════════════════════════════╝
::error file=e2e/smoke.spec.ts,title=[chromium] › e2e/smoke.spec.ts:22:9 › Smoke › dashboard page /all loads::  33) [chromium] › e2e/smoke.spec.ts:22:9 › Smoke › dashboard page /all loads ──────────────────────%0A%0A    Retry #1 ───────────────────────────────────────────────────────────────────────────────────────%0A    Error: browserType.launch: Executable doesn't exist at /Users/carter/media-tracker/.pw-browsers/chromium_headless_shell-1208/chrome-headless-shell-mac-x64/chrome-headless-shell%0A    ╔═════════════════════════════════════════════════════════════════════════╗%0A    ║ Looks like Playwright Test or Playwright was just installed or updated. ║%0A    ║ Please run the following command to download new browsers:              ║%0A    ║                                                                         ║%0A    ║     npx playwright install                                              ║%0A    ║                                                                         ║%0A    ║ <3 Playwright Team                                                      ║%0A    ╚═════════════════════════════════════════════════════════════════════════╝
::error file=e2e/smoke.spec.ts,title=[chromium] › e2e/smoke.spec.ts:22:9 › Smoke › dashboard page /movies loads::  34) [chromium] › e2e/smoke.spec.ts:22:9 › Smoke › dashboard page /movies loads ───────────────────%0A    Error: browserType.launch: Executable doesn't exist at /Users/carter/media-tracker/.pw-browsers/chromium_headless_shell-1208/chrome-headless-shell-mac-x64/chrome-headless-shell%0A    ╔═════════════════════════════════════════════════════════════════════════╗%0A    ║ Looks like Playwright Test or Playwright was just installed or updated. ║%0A    ║ Please run the following command to download new browsers:              ║%0A    ║                                                                         ║%0A    ║     npx playwright install                                              ║%0A    ║                                                                         ║%0A    ║ <3 Playwright Team                                                      ║%0A    ╚═════════════════════════════════════════════════════════════════════════╝
::error file=e2e/smoke.spec.ts,title=[chromium] › e2e/smoke.spec.ts:22:9 › Smoke › dashboard page /movies loads::  34) [chromium] › e2e/smoke.spec.ts:22:9 › Smoke › dashboard page /movies loads ───────────────────%0A%0A    Retry #1 ───────────────────────────────────────────────────────────────────────────────────────%0A    Error: browserType.launch: Executable doesn't exist at /Users/carter/media-tracker/.pw-browsers/chromium_headless_shell-1208/chrome-headless-shell-mac-x64/chrome-headless-shell%0A    ╔═════════════════════════════════════════════════════════════════════════╗%0A    ║ Looks like Playwright Test or Playwright was just installed or updated. ║%0A    ║ Please run the following command to download new browsers:              ║%0A    ║                                                                         ║%0A    ║     npx playwright install                                              ║%0A    ║                                                                         ║%0A    ║ <3 Playwright Team                                                      ║%0A    ╚═════════════════════════════════════════════════════════════════════════╝
::error file=e2e/smoke.spec.ts,title=[chromium] › e2e/smoke.spec.ts:22:9 › Smoke › dashboard page /series loads::  35) [chromium] › e2e/smoke.spec.ts:22:9 › Smoke › dashboard page /series loads ───────────────────%0A    Error: browserType.launch: Executable doesn't exist at /Users/carter/media-tracker/.pw-browsers/chromium_headless_shell-1208/chrome-headless-shell-mac-x64/chrome-headless-shell%0A    ╔═════════════════════════════════════════════════════════════════════════╗%0A    ║ Looks like Playwright Test or Playwright was just installed or updated. ║%0A    ║ Please run the following command to download new browsers:              ║%0A    ║                                                                         ║%0A    ║     npx playwright install                                              ║%0A    ║                                                                         ║%0A    ║ <3 Playwright Team                                                      ║%0A    ╚═════════════════════════════════════════════════════════════════════════╝
::error file=e2e/smoke.spec.ts,title=[chromium] › e2e/smoke.spec.ts:22:9 › Smoke › dashboard page /series loads::  35) [chromium] › e2e/smoke.spec.ts:22:9 › Smoke › dashboard page /series loads ───────────────────%0A%0A    Retry #1 ───────────────────────────────────────────────────────────────────────────────────────%0A    Error: browserType.launch: Executable doesn't exist at /Users/carter/media-tracker/.pw-browsers/chromium_headless_shell-1208/chrome-headless-shell-mac-x64/chrome-headless-shell%0A    ╔═════════════════════════════════════════════════════════════════════════╗%0A    ║ Looks like Playwright Test or Playwright was just installed or updated. ║%0A    ║ Please run the following command to download new browsers:              ║%0A    ║                                                                         ║%0A    ║     npx playwright install                                              ║%0A    ║                                                                         ║%0A    ║ <3 Playwright Team                                                      ║%0A    ╚═════════════════════════════════════════════════════════════════════════╝
::error file=e2e/smoke.spec.ts,title=[chromium] › e2e/smoke.spec.ts:22:9 › Smoke › dashboard page /watching loads::  36) [chromium] › e2e/smoke.spec.ts:22:9 › Smoke › dashboard page /watching loads ─────────────────%0A    Error: browserType.launch: Executable doesn't exist at /Users/carter/media-tracker/.pw-browsers/chromium_headless_shell-1208/chrome-headless-shell-mac-x64/chrome-headless-shell%0A    ╔═════════════════════════════════════════════════════════════════════════╗%0A    ║ Looks like Playwright Test or Playwright was just installed or updated. ║%0A    ║ Please run the following command to download new browsers:              ║%0A    ║                                                                         ║%0A    ║     npx playwright install                                              ║%0A    ║                                                                         ║%0A    ║ <3 Playwright Team                                                      ║%0A    ╚═════════════════════════════════════════════════════════════════════════╝
::error file=e2e/smoke.spec.ts,title=[chromium] › e2e/smoke.spec.ts:22:9 › Smoke › dashboard page /watching loads::  36) [chromium] › e2e/smoke.spec.ts:22:9 › Smoke › dashboard page /watching loads ─────────────────%0A%0A    Retry #1 ───────────────────────────────────────────────────────────────────────────────────────%0A    Error: browserType.launch: Executable doesn't exist at /Users/carter/media-tracker/.pw-browsers/chromium_headless_shell-1208/chrome-headless-shell-mac-x64/chrome-headless-shell%0A    ╔═════════════════════════════════════════════════════════════════════════╗%0A    ║ Looks like Playwright Test or Playwright was just installed or updated. ║%0A    ║ Please run the following command to download new browsers:              ║%0A    ║                                                                         ║%0A    ║     npx playwright install                                              ║%0A    ║                                                                         ║%0A    ║ <3 Playwright Team                                                      ║%0A    ╚═════════════════════════════════════════════════════════════════════════╝
::error file=e2e/smoke.spec.ts,title=[chromium] › e2e/smoke.spec.ts:22:9 › Smoke › dashboard page /plex loads::  37) [chromium] › e2e/smoke.spec.ts:22:9 › Smoke › dashboard page /plex loads ─────────────────────%0A    Error: browserType.launch: Executable doesn't exist at /Users/carter/media-tracker/.pw-browsers/chromium_headless_shell-1208/chrome-headless-shell-mac-x64/chrome-headless-shell%0A    ╔═════════════════════════════════════════════════════════════════════════╗%0A    ║ Looks like Playwright Test or Playwright was just installed or updated. ║%0A    ║ Please run the following command to download new browsers:              ║%0A    ║                                                                         ║%0A    ║     npx playwright install                                              ║%0A    ║                                                                         ║%0A    ║ <3 Playwright Team                                                      ║%0A    ╚═════════════════════════════════════════════════════════════════════════╝
::error file=e2e/smoke.spec.ts,title=[chromium] › e2e/smoke.spec.ts:22:9 › Smoke › dashboard page /plex loads::  37) [chromium] › e2e/smoke.spec.ts:22:9 › Smoke › dashboard page /plex loads ─────────────────────%0A%0A    Retry #1 ───────────────────────────────────────────────────────────────────────────────────────%0A    Error: browserType.launch: Executable doesn't exist at /Users/carter/media-tracker/.pw-browsers/chromium_headless_shell-1208/chrome-headless-shell-mac-x64/chrome-headless-shell%0A    ╔═════════════════════════════════════════════════════════════════════════╗%0A    ║ Looks like Playwright Test or Playwright was just installed or updated. ║%0A    ║ Please run the following command to download new browsers:              ║%0A    ║                                                                         ║%0A    ║     npx playwright install                                              ║%0A    ║                                                                         ║%0A    ║ <3 Playwright Team                                                      ║%0A    ╚═════════════════════════════════════════════════════════════════════════╝
::error file=e2e/smoke.spec.ts,title=[chromium] › e2e/smoke.spec.ts:22:9 › Smoke › dashboard page /settings loads::  38) [chromium] › e2e/smoke.spec.ts:22:9 › Smoke › dashboard page /settings loads ─────────────────%0A    Error: browserType.launch: Executable doesn't exist at /Users/carter/media-tracker/.pw-browsers/chromium_headless_shell-1208/chrome-headless-shell-mac-x64/chrome-headless-shell%0A    ╔═════════════════════════════════════════════════════════════════════════╗%0A    ║ Looks like Playwright Test or Playwright was just installed or updated. ║%0A    ║ Please run the following command to download new browsers:              ║%0A    ║                                                                         ║%0A    ║     npx playwright install                                              ║%0A    ║                                                                         ║%0A    ║ <3 Playwright Team                                                      ║%0A    ╚═════════════════════════════════════════════════════════════════════════╝
::error file=e2e/smoke.spec.ts,title=[chromium] › e2e/smoke.spec.ts:22:9 › Smoke › dashboard page /settings loads::  38) [chromium] › e2e/smoke.spec.ts:22:9 › Smoke › dashboard page /settings loads ─────────────────%0A%0A    Retry #1 ───────────────────────────────────────────────────────────────────────────────────────%0A    Error: browserType.launch: Executable doesn't exist at /Users/carter/media-tracker/.pw-browsers/chromium_headless_shell-1208/chrome-headless-shell-mac-x64/chrome-headless-shell%0A    ╔═════════════════════════════════════════════════════════════════════════╗%0A    ║ Looks like Playwright Test or Playwright was just installed or updated. ║%0A    ║ Please run the following command to download new browsers:              ║%0A    ║                                                                         ║%0A    ║     npx playwright install                                              ║%0A    ║                                                                         ║%0A    ║ <3 Playwright Team                                                      ║%0A    ╚═════════════════════════════════════════════════════════════════════════╝
::notice title=🎭 Playwright Run Summary::  38 failed%0A    [chromium] › e2e/discover.spec.ts:56:7 › Discover: browse tab › Browse tab is active on load and shows category buttons %0A    [chromium] › e2e/discover.spec.ts:62:7 › Discover: browse tab › Popular category loads movie/TV cards (TMDB required) %0A    [chromium] › e2e/discover.spec.ts:69:7 › Discover: browse tab › Switching to Trending category loads content (TMDB required) %0A    [chromium] › e2e/discover.spec.ts:79:7 › Discover: browse tab › Switching to Top Rated category loads content (TMDB required) %0A    [chromium] › e2e/discover.spec.ts:99:7 › Discover: search tab › Clicking Search tab shows the search input %0A    [chromium] › e2e/discover.spec.ts:104:7 › Discover: search tab › Search mode tabs: Movies & TV | Actor | IMDb are visible %0A    [chromium] › e2e/discover.spec.ts:111:7 › Discover: search tab › Title search returns results for 'Inception' (TMDB required) %0A    [chromium] › e2e/discover.spec.ts:121:7 › Discover: search tab › No-results state shown for obscure query (TMDB required) %0A    [chromium] › e2e/discover.spec.ts:131:7 › Discover: search tab › Actor search: typing shows an actor select (TMDB required) %0A    [chromium] › e2e/discover.spec.ts:157:7 › Discover: add from search results (TMDB required) › Search → Add to list → QuickSetup → Save & Continue → item in library %0A    [chromium] › e2e/discover.spec.ts:196:7 › Discover: add from search results (TMDB required) › Added item shows 'In collection' badge on second visit %0A    [chromium] › e2e/discover.spec.ts:233:7 › Discover: add from browse grid (TMDB required) › Click a card in browse grid → QuickSetup → item saved (TMDB required) %0A    [chromium] › e2e/discover.spec.ts:295:7 › Discover: IMDb lookup (TMDB required) › IMDb ID lookup opens QuickSetup modal %0A    [chromium] › e2e/library.spec.ts:102:7 › Library: page routing › /all shows both movie and TV ──%0A    [chromium] › e2e/library.spec.ts:111:7 › Library: page routing › /movies shows movie but not TV %0A    [chromium] › e2e/library.spec.ts:119:7 › Library: page routing › /series shows TV but not movie %0A    [chromium] › e2e/library.spec.ts:150:7 › Library: status filters › 'All' filter shows both items %0A    [chromium] › e2e/library.spec.ts:158:7 › Library: status filters › 'Unwatched' filter shows only yet_to_start movie %0A    [chromium] › e2e/library.spec.ts:170:7 › Library: status filters › 'In progress' filter shows only in_progress TV %0A    [chromium] › e2e/library.spec.ts:200:7 › Library: edit item via detail modal › changing status to 'Finished' persists after save %0A    [chromium] › e2e/library.spec.ts:223:7 › Library: edit item via detail modal › updating streaming service persists after save %0A    [chromium] › e2e/library.spec.ts:245:7 › Library: edit item via detail modal › changing viewer to 'Me' persists after save %0A    [chromium] › e2e/library.spec.ts:267:7 › Library: edit item via detail modal › Cancel button closes modal without saving %0A    [chromium] › e2e/library.spec.ts:306:7 › Library: delete item from modal › Remove button deletes item from library %0A    [chromium] › e2e/library.spec.ts:334:7 › Settings page › Settings page renders section headings and Plex link %0A    [chromium] › e2e/library.spec.ts:342:7 › Settings page › Settings links to /plex ───────────────%0A    [chromium] › e2e/library.spec.ts:348:7 › Settings page › Theme swatches are clickable ──────────%0A    [chromium] › e2e/library.spec.ts:355:7 › Settings page › Sync seasons button is present and clickable %0A    [chromium] › e2e/library.spec.ts:381:7 › Watching page › /watching shows in_progress TV show ───%0A    [chromium] › e2e/library.spec.ts:387:7 › Watching page › /watching carousel renders for in_progress TV %0A    [chromium] › e2e/smoke.spec.ts:16:7 › Smoke › root redirects to discover ───────────────────────%0A    [chromium] › e2e/smoke.spec.ts:22:9 › Smoke › dashboard page /discover loads ───────────────────%0A    [chromium] › e2e/smoke.spec.ts:22:9 › Smoke › dashboard page /all loads ────────────────────────%0A    [chromium] › e2e/smoke.spec.ts:22:9 › Smoke › dashboard page /movies loads ─────────────────────%0A    [chromium] › e2e/smoke.spec.ts:22:9 › Smoke › dashboard page /series loads ─────────────────────%0A    [chromium] › e2e/smoke.spec.ts:22:9 › Smoke › dashboard page /watching loads ───────────────────%0A    [chromium] › e2e/smoke.spec.ts:22:9 › Smoke › dashboard page /plex loads ───────────────────────%0A    [chromium] › e2e/smoke.spec.ts:22:9 › Smoke › dashboard page /settings loads ───────────────────%0A  28 passed (2.2m)
